Archive member included to satisfy reference by file (symbol)

d:/softwoare/tools_work/env_released_1.2.0/env/tools/gnu_gcc/arm_gcc/mingw/bin/../lib/gcc/arm-none-eabi/5.4.1/../../../../arm-none-eabi/lib/armv7e-m/fpu/fpv5-sp-d16\libc.a(lib_a-atoi.o)
                              build\kernel\components\drivers\misc\pin.o (atoi)
d:/softwoare/tools_work/env_released_1.2.0/env/tools/gnu_gcc/arm_gcc/mingw/bin/../lib/gcc/arm-none-eabi/5.4.1/../../../../arm-none-eabi/lib/armv7e-m/fpu/fpv5-sp-d16\libc.a(lib_a-exit.o)
                              d:/softwoare/tools_work/env_released_1.2.0/env/tools/gnu_gcc/arm_gcc/mingw/bin/../lib/gcc/arm-none-eabi/5.4.1/../../../../arm-none-eabi/lib/armv7e-m/fpu/fpv5-sp-d16/crt0.o (exit)
d:/softwoare/tools_work/env_released_1.2.0/env/tools/gnu_gcc/arm_gcc/mingw/bin/../lib/gcc/arm-none-eabi/5.4.1/../../../../arm-none-eabi/lib/armv7e-m/fpu/fpv5-sp-d16\libc.a(lib_a-impure.o)
                              d:/softwoare/tools_work/env_released_1.2.0/env/tools/gnu_gcc/arm_gcc/mingw/bin/../lib/gcc/arm-none-eabi/5.4.1/../../../../arm-none-eabi/lib/armv7e-m/fpu/fpv5-sp-d16\libc.a(lib_a-exit.o) (_global_impure_ptr)
d:/softwoare/tools_work/env_released_1.2.0/env/tools/gnu_gcc/arm_gcc/mingw/bin/../lib/gcc/arm-none-eabi/5.4.1/../../../../arm-none-eabi/lib/armv7e-m/fpu/fpv5-sp-d16\libc.a(lib_a-locale.o)
                              build\kernel\components\drivers\misc\pin.o (__locale_ctype_ptr)
d:/softwoare/tools_work/env_released_1.2.0/env/tools/gnu_gcc/arm_gcc/mingw/bin/../lib/gcc/arm-none-eabi/5.4.1/../../../../arm-none-eabi/lib/armv7e-m/fpu/fpv5-sp-d16\libc.a(lib_a-malloc.o)
                              build\kernel\components\libc\compilers\common\cstring.o (malloc)
d:/softwoare/tools_work/env_released_1.2.0/env/tools/gnu_gcc/arm_gcc/mingw/bin/../lib/gcc/arm-none-eabi/5.4.1/../../../../arm-none-eabi/lib/armv7e-m/fpu/fpv5-sp-d16\libc.a(lib_a-mbtowc_r.o)
                              d:/softwoare/tools_work/env_released_1.2.0/env/tools/gnu_gcc/arm_gcc/mingw/bin/../lib/gcc/arm-none-eabi/5.4.1/../../../../arm-none-eabi/lib/armv7e-m/fpu/fpv5-sp-d16\libc.a(lib_a-locale.o) (__ascii_mbtowc)
d:/softwoare/tools_work/env_released_1.2.0/env/tools/gnu_gcc/arm_gcc/mingw/bin/../lib/gcc/arm-none-eabi/5.4.1/../../../../arm-none-eabi/lib/armv7e-m/fpu/fpv5-sp-d16\libc.a(lib_a-memcmp.o)
                              build\kernel\components\finsh\shell.o (memcmp)
d:/softwoare/tools_work/env_released_1.2.0/env/tools/gnu_gcc/arm_gcc/mingw/bin/../lib/gcc/arm-none-eabi/5.4.1/../../../../arm-none-eabi/lib/armv7e-m/fpu/fpv5-sp-d16\libc.a(lib_a-memcpy.o)
                              ra\fsp\src\bsp\cmsis\Device\RENESAS\Source\system.o (memcpy)
d:/softwoare/tools_work/env_released_1.2.0/env/tools/gnu_gcc/arm_gcc/mingw/bin/../lib/gcc/arm-none-eabi/5.4.1/../../../../arm-none-eabi/lib/armv7e-m/fpu/fpv5-sp-d16\libc.a(lib_a-memset.o)
                              d:/softwoare/tools_work/env_released_1.2.0/env/tools/gnu_gcc/arm_gcc/mingw/bin/../lib/gcc/arm-none-eabi/5.4.1/../../../../arm-none-eabi/lib/armv7e-m/fpu/fpv5-sp-d16/crt0.o (memset)
d:/softwoare/tools_work/env_released_1.2.0/env/tools/gnu_gcc/arm_gcc/mingw/bin/../lib/gcc/arm-none-eabi/5.4.1/../../../../arm-none-eabi/lib/armv7e-m/fpu/fpv5-sp-d16\libc.a(lib_a-strchr.o)
                              build\kernel\components\libc\compilers\common\cstring.o (strchr)
d:/softwoare/tools_work/env_released_1.2.0/env/tools/gnu_gcc/arm_gcc/mingw/bin/../lib/gcc/arm-none-eabi/5.4.1/../../../../arm-none-eabi/lib/armv7e-m/fpu/fpv5-sp-d16\libc.a(lib_a-strcmp.o)
                              build\kernel\components\finsh\cmd.o (strcmp)
d:/softwoare/tools_work/env_released_1.2.0/env/tools/gnu_gcc/arm_gcc/mingw/bin/../lib/gcc/arm-none-eabi/5.4.1/../../../../arm-none-eabi/lib/armv7e-m/fpu/fpv5-sp-d16\libc.a(lib_a-strcpy.o)
                              build\kernel\components\finsh\shell.o (strcpy)
d:/softwoare/tools_work/env_released_1.2.0/env/tools/gnu_gcc/arm_gcc/mingw/bin/../lib/gcc/arm-none-eabi/5.4.1/../../../../arm-none-eabi/lib/armv7e-m/fpu/fpv5-sp-d16\libc.a(lib_a-strlen.o)
                              build\kernel\components\finsh\msh.o (strlen)
d:/softwoare/tools_work/env_released_1.2.0/env/tools/gnu_gcc/arm_gcc/mingw/bin/../lib/gcc/arm-none-eabi/5.4.1/../../../../arm-none-eabi/lib/armv7e-m/fpu/fpv5-sp-d16\libc.a(lib_a-strncat.o)
                              build\kernel\components\drivers\misc\pin.o (strncat)
d:/softwoare/tools_work/env_released_1.2.0/env/tools/gnu_gcc/arm_gcc/mingw/bin/../lib/gcc/arm-none-eabi/5.4.1/../../../../arm-none-eabi/lib/armv7e-m/fpu/fpv5-sp-d16\libc.a(lib_a-strncmp.o)
                              build\kernel\components\finsh\msh.o (strncmp)
d:/softwoare/tools_work/env_released_1.2.0/env/tools/gnu_gcc/arm_gcc/mingw/bin/../lib/gcc/arm-none-eabi/5.4.1/../../../../arm-none-eabi/lib/armv7e-m/fpu/fpv5-sp-d16\libc.a(lib_a-strncpy.o)
                              build\kernel\components\finsh\shell.o (strncpy)
[...]
Memory Configuration

Name             Origin             Length             Attributes
FLASH            0x00000000         0x00200000         xr
RAM              0x1ffe0000         0x000a0000         xrw
DATA_FLASH       0x40100000         0x00010000         xr
QSPI_FLASH       0x60000000         0x04000000         xr
OSPI_DEVICE_0    0x68000000         0x00000000         xr
OSPI_DEVICE_1    0x70000000         0x00000000         xr
OSPI_DEVICE_0_RAM 0x68000000         0x00000000         xrw
OSPI_DEVICE_1_RAM 0x70000000         0x00000000         xrw
SDRAM            0x90000000         0x08000000         xrw
OPTION_SETTING   0x00000000         0x00000000         r
OPTION_SETTING_S 0x00000000         0x00000000         r
ID_CODE          0x0100a150         0x00000010         xr
*default*        0x00000000         0xffffffff

Linker script and memory map

LOAD d:/softwoare/tools_work/env_released_1.2.0/env/tools/gnu_gcc/arm_gcc/mingw/bin/../lib/gcc/arm-none-eabi/5.4.1/armv7e-m/fpu/fpv5-sp-d16/crti.o
LOAD d:/softwoare/tools_work/env_released_1.2.0/env/tools/gnu_gcc/arm_gcc/mingw/bin/../lib/gcc/arm-none-eabi/5.4.1/armv7e-m/fpu/fpv5-sp-d16/crtbegin.o
LOAD d:/softwoare/tools_work/env_released_1.2.0/env/tools/gnu_gcc/arm_gcc/mingw/bin/../lib/gcc/arm-none-eabi/5.4.1/../../../../arm-none-eabi/lib/armv7e-m/fpu/fpv5-sp-d16/crt0.o
LOAD libraries\HAL_Drivers\drv_common.o
LOAD libraries\HAL_Drivers\drv_gpio.o
LOAD libraries\HAL_Drivers\drv_usart_v2.o
LOAD ra\fsp\src\bsp\cmsis\Device\RENESAS\Source\startup.o
LOAD ra\fsp\src\bsp\cmsis\Device\RENESAS\Source\system.o
LOAD ra\fsp\src\bsp\mcu\all\bsp_clocks.o
LOAD ra\fsp\src\bsp\mcu\all\bsp_common.o
LOAD ra\fsp\src\bsp\mcu\all\bsp_delay.o
LOAD ra\fsp\src\bsp\mcu\all\bsp_group_irq.o
LOAD ra\fsp\src\bsp\mcu\all\bsp_guard.o
LOAD ra\fsp\src\bsp\mcu\all\bsp_io.o
LOAD ra\fsp\src\bsp\mcu\all\bsp_irq.o
LOAD ra\fsp\src\bsp\mcu\all\bsp_register_protection.o
LOAD ra\fsp\src\bsp\mcu\all\bsp_rom_registers.o
LOAD ra\fsp\src\bsp\mcu\all\bsp_sbrk.o
LOAD ra\fsp\src\bsp\mcu\all\bsp_security.o
LOAD ra\fsp\src\r_ioport\r_ioport.o
LOAD ra\fsp\src\r_sci_uart\r_sci_uart.o
LOAD build\ra_gen\common_data.o
LOAD build\ra_gen\hal_data.o
LOAD build\ra_gen\main.o
LOAD build\ra_gen\pin_data.o
LOAD build\ra_gen\vector_data.o
LOAD build\kernel\components\drivers\ipc\completion.o
LOAD build\kernel\components\drivers\ipc\dataqueue.o
LOAD build\kernel\components\drivers\ipc\pipe.o
LOAD build\kernel\components\drivers\ipc\ringblk_buf.o
LOAD build\kernel\components\drivers\ipc\ringbuffer.o
LOAD build\kernel\components\drivers\ipc\waitqueue.o
LOAD build\kernel\components\drivers\ipc\workqueue.o
LOAD build\kernel\components\drivers\misc\pin.o
LOAD build\kernel\components\drivers\serial\serial_v2.o
LOAD build\kernel\components\finsh\cmd.o
LOAD build\kernel\components\finsh\msh.o
LOAD build\kernel\components\finsh\msh_parse.o
LOAD build\kernel\components\finsh\shell.o
LOAD build\kernel\components\libc\compilers\common\cctype.o
LOAD build\kernel\components\libc\compilers\common\cstdio.o
LOAD build\kernel\components\libc\compilers\common\cstdlib.o
LOAD build\kernel\components\libc\compilers\common\cstring.o
LOAD build\kernel\components\libc\compilers\common\ctime.o
LOAD build\kernel\components\libc\compilers\common\cwchar.o
LOAD build\kernel\components\libc\compilers\newlib\syscalls.o
LOAD build\kernel\libcpu\arm\common\backtrace.o
LOAD build\kernel\libcpu\arm\common\div0.o
LOAD build\kernel\libcpu\arm\common\showmem.o
LOAD build\kernel\libcpu\arm\cortex-m4\context_gcc.o
LOAD build\kernel\libcpu\arm\cortex-m4\cpuport.o
LOAD build\kernel\src\clock.o
LOAD build\kernel\src\components.o
LOAD build\kernel\src\device.o
LOAD build\kernel\src\idle.o
LOAD build\kernel\src\ipc.o
LOAD build\kernel\src\irq.o
LOAD build\kernel\src\kservice.o
LOAD build\kernel\src\mem.o
LOAD build\kernel\src\object.o
LOAD build\kernel\src\scheduler.o
LOAD build\kernel\src\thread.o
LOAD build\kernel\src\timer.o
LOAD build\src\hal_entry.o
LOAD d:/softwoare/tools_work/env_released_1.2.0/env/tools/gnu_gcc/arm_gcc/mingw/bin/../lib/gcc/arm-none-eabi/5.4.1/../../../../arm-none-eabi/lib/armv7e-m/fpu/fpv5-sp-d16\libc.a
LOAD d:/softwoare/tools_work/env_released_1.2.0/env/tools/gnu_gcc/arm_gcc/mingw/bin/../lib/gcc/arm-none-eabi/5.4.1/../../../../arm-none-eabi/lib/armv7e-m/fpu/fpv5-sp-d16\libm.a
START GROUP
LOAD d:/softwoare/tools_work/env_released_1.2.0/env/tools/gnu_gcc/arm_gcc/mingw/bin/../lib/gcc/arm-none-eabi/5.4.1/armv7e-m/fpu/fpv5-sp-d16\libgcc.a
LOAD d:/softwoare/tools_work/env_released_1.2.0/env/tools/gnu_gcc/arm_gcc/mingw/bin/../lib/gcc/arm-none-eabi/5.4.1/../../../../arm-none-eabi/lib/armv7e-m/fpu/fpv5-sp-d16\libc.a
END GROUP
LOAD d:/softwoare/tools_work/env_released_1.2.0/env/tools/gnu_gcc/arm_gcc/mingw/bin/../lib/gcc/arm-none-eabi/5.4.1/armv7e-m/fpu/fpv5-sp-d16/crtend.o
LOAD d:/softwoare/tools_work/env_released_1.2.0/env/tools/gnu_gcc/arm_gcc/mingw/bin/../lib/gcc/arm-none-eabi/5.4.1/armv7e-m/fpu/fpv5-sp-d16/crtn.o
                0x1ffe0000                RAM_START = 0x1ffe0000
                0x000a0000                RAM_LENGTH = 0xa0000
                0x00000000                FLASH_START = 0x0
                0x00200000                FLASH_LENGTH = 0x200000
                0x40100000                DATA_FLASH_START = 0x40100000
                0x00010000                DATA_FLASH_LENGTH = 0x10000
                0x00000000                OPTION_SETTING_START = 0x0
                0x00000000                OPTION_SETTING_LENGTH = 0x0
                0x00000000                OPTION_SETTING_S_START = 0x0
                0x00000000                OPTION_SETTING_S_LENGTH = 0x0
                0x0100a150                ID_CODE_START = 0x100a150
                0x00000010                ID_CODE_LENGTH = 0x10
                0x90000000                SDRAM_START = 0x90000000
                0x08000000                SDRAM_LENGTH = 0x8000000
                0x60000000                QSPI_FLASH_START = 0x60000000
                0x04000000                QSPI_FLASH_LENGTH = 0x4000000
                0x68000000                OSPI_DEVICE_0_START = 0x68000000
                0x00000000                OSPI_DEVICE_0_LENGTH = 0x0
                0x70000000                OSPI_DEVICE_1_START = 0x70000000
                0x00000000                OSPI_DEVICE_1_LENGTH = 0x0
                0x04000000                QSPI_FLASH_PRV_LENGTH = DEFINED (QSPI_FLASH_SIZE)?ABSOLUTE (QSPI_FLASH_SIZE):ABSOLUTE (QSPI_FLASH_LENGTH)
                0x00000000                OSPI_DEVICE_0_PRV_LENGTH = DEFINED (OSPI_DEVICE_0_SIZE)?ABSOLUTE (OSPI_DEVICE_0_SIZE):ABSOLUTE (OSPI_DEVICE_0_LENGTH)
                0x00000000                OSPI_DEVICE_1_PRV_LENGTH = DEFINED (OSPI_DEVICE_1_SIZE)?ABSOLUTE (OSPI_DEVICE_1_SIZE):ABSOLUTE (OSPI_DEVICE_1_LENGTH)
                0x00000000                __RESERVE_NS_RAM = ((! (DEFINED (PROJECT_NONSECURE)) && DEFINED (RAM_NS_BUFFER_LENGTH)) && (OPTION_SETTING_S_LENGTH != 0x0))
                0x00000000                RAM_NS_BUFFER_BLOCK_LENGTH = DEFINED (RAM_NS_BUFFER_LENGTH)?ALIGN (RAM_NS_BUFFER_LENGTH, 0x2000):0x0
                0x00000000                RAM_NS_BUFFER_LENGTH = DEFINED (RAM_NS_BUFFER_LENGTH)?RAM_NS_BUFFER_LENGTH:0x0
                0x20080000                RAM_NS_BUFFER_START = ((RAM_START + RAM_LENGTH) - RAM_NS_BUFFER_LENGTH)
                0x20080000                RAM_NS_BUFFER_BLOCK_START = ((RAM_START + RAM_LENGTH) - RAM_NS_BUFFER_BLOCK_LENGTH)
                0x0100a180                OPTION_SETTING_START_NS = 0x100a180
                0x00000001                __bl_FSP_BOOTABLE_IMAGE = 0x1
                0x00000001                __bln_FSP_BOOTABLE_IMAGE = 0x1
                0x00000000                PROJECT_SECURE_OR_FLAT = ((! (DEFINED (PROJECT_NONSECURE)) && OPTION_SETTING_LENGTH) && ! (DEFINED (FSP_BOOTABLE_IMAGE)))
                0x00000000                USE_OPTION_SETTING_NS = (DEFINED (PROJECT_NONSECURE) && ! (DEFINED (FSP_BOOTABLE_IMAGE)))
                0x00000000                __bl_FLASH_IMAGE_START = ! (DEFINED (FLASH_BOOTLOADER_LENGTH))?0x0:(FLASH_APPLICATION_IMAGE_NUMBER == 0x1)?(FLASH_BOOTLOADER_LENGTH + FLASH_BOOTLOADER_HEADER_LENGTH):(((FLASH_BOOTLOADER_LENGTH + FLASH_BOOTLOADER_SCRATCH_LENGTH) + FLASH_APPLICATION_S_LENGTH) + FLASH_BOOTLOADER_HEADER_LENGTH)
                0x00000000                __bl_FLASH_IMAGE_LENGTH = ! (DEFINED (FLASH_BOOTLOADER_LENGTH))?0x0:(FLASH_APPLICATION_S_LENGTH - FLASH_BOOTLOADER_HEADER_LENGTH)
                0x00000000                __bl_FLASH_IMAGE_END = (__bl_FLASH_IMAGE_START + __bl_FLASH_IMAGE_LENGTH)
                0x00000000                __bl_XIP_SECONDARY_FLASH_IMAGE_START = ! (DEFINED (FLASH_BOOTLOADER_LENGTH))?0x0:((FLASH_BOOTLOADER_LENGTH + FLASH_APPLICATION_S_LENGTH) + FLASH_BOOTLOADER_HEADER_LENGTH)
                0x00000000                __bl_XIP_SECONDARY_FLASH_IMAGE_END = (__bl_XIP_SECONDARY_FLASH_IMAGE_START + __bl_FLASH_IMAGE_LENGTH)
                0x00000000                __bl_FLASH_NS_START = ! (DEFINED (FLASH_BOOTLOADER_LENGTH))?0x0:(FLASH_APPLICATION_NS_LENGTH == 0x0)?__bl_FLASH_IMAGE_END:((__bl_FLASH_IMAGE_START - FLASH_BOOTLOADER_HEADER_LENGTH) + FLASH_APPLICATION_S_LENGTH)
                0x00000000                __bl_FLASH_NSC_START = ! (DEFINED (FLASH_BOOTLOADER_LENGTH))?0x0:(FLASH_APPLICATION_NS_LENGTH == 0x0)?__bl_FLASH_IMAGE_END:(__bl_FLASH_NS_START - FLASH_APPLICATION_NSC_LENGTH)
                0x00000000                __bl_RAM_NS_START = ! (DEFINED (FLASH_BOOTLOADER_LENGTH))?0x0:(FLASH_APPLICATION_NS_LENGTH == 0x0)?(RAM_START + RAM_LENGTH):((RAM_START + RAM_LENGTH) - RAM_APPLICATION_NS_LENGTH)
                0x00000000                __bl_RAM_NSC_START = ! (DEFINED (FLASH_BOOTLOADER_LENGTH))?0x0:(FLASH_APPLICATION_NS_LENGTH == 0x0)?(RAM_START + RAM_LENGTH):(__bl_RAM_NS_START - RAM_APPLICATION_NSC_LENGTH)
                0x00000000                __bl_FLASH_NS_IMAGE_START = ! (DEFINED (FLASH_BOOTLOADER_LENGTH))?0x0:(FLASH_APPLICATION_NS_LENGTH == 0x0)?__bl_FLASH_IMAGE_END:(__bl_FLASH_NS_START + FLASH_BOOTLOADER_HEADER_LENGTH_2)
                0x00000000                __bln_FLASH_IMAGE_START = __bl_FLASH_NS_IMAGE_START
                0x00000000                __bln_FLASH_IMAGE_LENGTH = ! (DEFINED (FLASH_BOOTLOADER_LENGTH))?0x0:(FLASH_APPLICATION_NS_LENGTH == 0x0)?__bl_FLASH_IMAGE_END:(FLASH_APPLICATION_NS_LENGTH - FLASH_BOOTLOADER_HEADER_LENGTH_2)
                0x00000000                XIP_SECONDARY_SLOT_IMAGE = DEFINED (XIP_SECONDARY_SLOT_IMAGE)?XIP_SECONDARY_SLOT_IMAGE:0x0
                0x00000000                FLASH_ORIGIN = ! (DEFINED (FLASH_IMAGE_START))?FLASH_START:(XIP_SECONDARY_SLOT_IMAGE == 0x1)?XIP_SECONDARY_FLASH_IMAGE_START:FLASH_IMAGE_START
                0x00200000                LIMITED_FLASH_LENGTH = DEFINED (FLASH_IMAGE_LENGTH)?FLASH_IMAGE_LENGTH:DEFINED (FLASH_BOOTLOADER_LENGTH)?FLASH_BOOTLOADER_LENGTH:FLASH_LENGTH
START GROUP
LOAD d:/softwoare/tools_work/env_released_1.2.0/env/tools/gnu_gcc/arm_gcc/mingw/bin/../lib/gcc/arm-none-eabi/5.4.1/armv7e-m/fpu/fpv5-sp-d16\libgcc.a
LOAD d:/softwoare/tools_work/env_released_1.2.0/env/tools/gnu_gcc/arm_gcc/mingw/bin/../lib/gcc/arm-none-eabi/5.4.1/../../../../arm-none-eabi/lib/armv7e-m/fpu/fpv5-sp-d16\libc.a
LOAD d:/softwoare/tools_work/env_released_1.2.0/env/tools/gnu_gcc/arm_gcc/mingw/bin/../lib/gcc/arm-none-eabi/5.4.1/../../../../arm-none-eabi/lib/armv7e-m/fpu/fpv5-sp-d16\libm.a
LOAD d:/softwoare/tools_work/env_released_1.2.0/env/tools/gnu_gcc/arm_gcc/mingw/bin/../lib/gcc/arm-none-eabi/5.4.1/../../../../arm-none-eabi/lib/armv7e-m/fpu/fpv5-sp-d16\libnosys.a
END GROUP

.text           0x00000000     0xb078
                0x00000000                __tz_FLASH_S = ABSOLUTE (FLASH_START)
                0x00000000                __ROM_Start = .
 *(.fixed_vectors*)
 .fixed_vectors
                0x00000000       0x40 ra\fsp\src\bsp\cmsis\Device\RENESAS\Source\startup.o
                0x00000000                __Vectors
 *(.application_vectors*)
 .application_vectors
                0x00000040      0x180 build\ra_gen\vector_data.o
                0x00000040                g_vector_table
                0x000001c0                __Vectors_End = .
                0x00000400                . = (OPTION_SETTING_LENGTH > 0x0)?.:(__ROM_Start + 0x400)
 *fill*         0x000001c0      0x240 ff
 *(.rom_registers*)
 .rom_registers
                0x00000400       0x3c ra\fsp\src\bsp\mcu\all\bsp_rom_registers.o
                0x00000500                . = (OPTION_SETTING_LENGTH > 0x0)?.:(__ROM_Start + 0x500)
 *fill*         0x0000043c       0xc4 ff
                0x00000500                . = ALIGN (0x80)
 *(.mcuboot_sce9_key*)
 *(.text*)
 .text          0x00000500       0x5c d:/softwoare/tools_work/env_released_1.2.0/env/tools/gnu_gcc/arm_gcc/mingw/bin/../lib/gcc/arm-none-eabi/5.4.1/armv7e-m/fpu/fpv5-sp-d16/crtbegin.o
 .text.__NVIC_SystemReset
                0x0000055c       0x28 libraries\HAL_Drivers\drv_common.o
 .text.reboot   0x00000584       0x10 libraries\HAL_Drivers\drv_common.o
 .text.SysTick_Handler
                0x00000594       0x14 libraries\HAL_Drivers\drv_common.o
                0x00000594                SysTick_Handler
 .text.R_BSP_WarmStart
                0x000005a8       0x2c libraries\HAL_Drivers\drv_common.o
                0x000005a8                R_BSP_WarmStart
 .text.Reset_Handler
                0x000005d4       0x10 ra\fsp\src\bsp\cmsis\Device\RENESAS\Source\startup.o
                0x000005d4                Reset_Handler
 .text.Default_Handler
                0x000005e4       0x10 ra\fsp\src\bsp\cmsis\Device\RENESAS\Source\startup.o
                0x000005e4                UsageFault_Handler
                0x000005e4                SecureFault_Handler
                0x000005e4                Default_Handler
                0x000005e4                MemManage_Handler
                0x000005e4                SVC_Handler
                0x000005e4                BusFault_Handler
                0x000005e4                DebugMon_Handler
 .text.SystemInit
                0x000005f4       0xe8 ra\fsp\src\bsp\cmsis\Device\RENESAS\Source\system.o
                0x000005f4                SystemInit
 .text.R_BSP_FlashCacheDisable
                0x000006dc       0x1c ra\fsp\src\bsp\mcu\all\bsp_clocks.o
 .text.R_BSP_FlashCacheEnable
                0x000006f8       0x30 ra\fsp\src\bsp\mcu\all\bsp_clocks.o
 .text.SystemCoreClockUpdate
                0x00000728       0x40 ra\fsp\src\bsp\mcu\all\bsp_clocks.o
                0x00000728                SystemCoreClockUpdate
 .text.bsp_prv_clock_set_hard_reset
                0x00000768       0x30 ra\fsp\src\bsp\mcu\all\bsp_clocks.o
 .text.bsp_clock_freq_var_init
                0x00000798       0x48 ra\fsp\src\bsp\mcu\all\bsp_clocks.o
 .text.bsp_clock_init
                0x000007e0       0xc0 ra\fsp\src\bsp\mcu\all\bsp_clocks.o
                0x000007e0                bsp_clock_init
 .text.bsp_init_internal
                0x000008a0       0x14 ra\fsp\src\bsp\mcu\all\bsp_common.o
                0x000008a0                bsp_init_internal
                0x000008a0                bsp_init
 .text.bsp_group_irq_call
                0x000008b4       0x30 ra\fsp\src\bsp\mcu\all\bsp_group_irq.o
 .text.NMI_Handler
                0x000008e4       0x4c ra\fsp\src\bsp\mcu\all\bsp_group_irq.o
                0x000008e4                NMI_Handler
 .text.bsp_irq_cfg
                0x00000930       0x40 ra\fsp\src\bsp\mcu\all\bsp_irq.o
                0x00000930                bsp_irq_cfg
 .text.R_BSP_RegisterProtectEnable
                0x00000970       0x9c ra\fsp\src\bsp\mcu\all\bsp_register_protection.o
                0x00000970                R_BSP_RegisterProtectEnable
 .text.R_BSP_RegisterProtectDisable
                0x00000a0c       0x8c ra\fsp\src\bsp\mcu\all\bsp_register_protection.o
                0x00000a0c                R_BSP_RegisterProtectDisable
 .text.R_BSP_PinRead
                0x00000a98       0x38 ra\fsp\src\r_ioport\r_ioport.o
 .text.R_BSP_PinAccessEnable
                0x00000ad0       0x5c ra\fsp\src\r_ioport\r_ioport.o
 .text.R_BSP_PinAccessDisable
                0x00000b2c       0x64 ra\fsp\src\r_ioport\r_ioport.o
 .text.R_IOPORT_Open
                0x00000b90       0x28 ra\fsp\src\r_ioport\r_ioport.o
                0x00000b90                R_IOPORT_Open
 .text.R_IOPORT_Close
                0x00000bb8       0x20 ra\fsp\src\r_ioport\r_ioport.o
                0x00000bb8                R_IOPORT_Close
 .text.R_IOPORT_PinsCfg
                0x00000bd8       0x1c ra\fsp\src\r_ioport\r_ioport.o
                0x00000bd8                R_IOPORT_PinsCfg
 .text.R_IOPORT_PinCfg
                0x00000bf4       0x48 ra\fsp\src\r_ioport\r_ioport.o
                0x00000bf4                R_IOPORT_PinCfg
 .text.R_IOPORT_PinRead
                0x00000c3c       0x28 ra\fsp\src\r_ioport\r_ioport.o
                0x00000c3c                R_IOPORT_PinRead
 .text.R_IOPORT_PortRead
                0x00000c64       0x3c ra\fsp\src\r_ioport\r_ioport.o
                0x00000c64                R_IOPORT_PortRead
 .text.R_IOPORT_PortWrite
                0x00000ca0       0x64 ra\fsp\src\r_ioport\r_ioport.o
                0x00000ca0                R_IOPORT_PortWrite
 .text.R_IOPORT_PinWrite
                0x00000d04       0x70 ra\fsp\src\r_ioport\r_ioport.o
                0x00000d04                R_IOPORT_PinWrite
 .text.R_IOPORT_PortDirectionSet
                0x00000d74       0x74 ra\fsp\src\r_ioport\r_ioport.o
                0x00000d74                R_IOPORT_PortDirectionSet
 .text.R_IOPORT_PortEventInputRead
                0x00000de8       0x40 ra\fsp\src\r_ioport\r_ioport.o
                0x00000de8                R_IOPORT_PortEventInputRead
 .text.R_IOPORT_PinEventInputRead
                0x00000e28       0x64 ra\fsp\src\r_ioport\r_ioport.o
                0x00000e28                R_IOPORT_PinEventInputRead
 .text.R_IOPORT_PortEventOutputWrite
                0x00000e8c       0x64 ra\fsp\src\r_ioport\r_ioport.o
                0x00000e8c                R_IOPORT_PortEventOutputWrite
 .text.R_IOPORT_PinEventOutputWrite
                0x00000ef0       0x60 ra\fsp\src\r_ioport\r_ioport.o
                0x00000ef0                R_IOPORT_PinEventOutputWrite
 .text.R_IOPORT_EthernetModeCfg
                0x00000f50       0x28 ra\fsp\src\r_ioport\r_ioport.o
                0x00000f50                R_IOPORT_EthernetModeCfg
 .text.r_ioport_pins_config
                0x00000f78       0x58 ra\fsp\src\r_ioport\r_ioport.o
 .text.r_ioport_hw_pin_event_output_data_write
                0x00000fd0       0x88 ra\fsp\src\r_ioport\r_ioport.o
 .text.r_ioport_pfs_write
                0x00001058       0x78 ra\fsp\src\r_ioport\r_ioport.o
 .text.bsp_vbatt_init
                0x000010d0       0xd8 ra\fsp\src\r_ioport\r_ioport.o
 .text.R_FSP_CurrentIrqGet
                0x000011a8       0x2c ra\fsp\src\r_sci_uart\r_sci_uart.o
 .text.R_BSP_IrqStatusClear
                0x000011d4       0x30 ra\fsp\src\r_sci_uart\r_sci_uart.o
 .text.R_FSP_IsrContextGet
                0x00001204       0x24 ra\fsp\src\r_sci_uart\r_sci_uart.o
 .text.r_sci_uart_call_callback
                0x00001228       0x78 ra\fsp\src\r_sci_uart\r_sci_uart.o
 .text.sci_uart_txi_isr
                0x000012a0       0xd0 ra\fsp\src\r_sci_uart\r_sci_uart.o
                0x000012a0                sci_uart_txi_isr
 .text.sci_uart_rxi_isr
                0x00001370       0xbc ra\fsp\src\r_sci_uart\r_sci_uart.o
                0x00001370                sci_uart_rxi_isr
 .text.sci_uart_tei_isr
                0x0000142c       0x4c ra\fsp\src\r_sci_uart\r_sci_uart.o
                0x0000142c                sci_uart_tei_isr
 .text.sci_uart_eri_isr
                0x00001478       0xa8 ra\fsp\src\r_sci_uart\r_sci_uart.o
                0x00001478                sci_uart_eri_isr
 .text.main     0x00001520       0x10 build\ra_gen\main.o
                0x00001520                main
 .text.rt_pin_mode
                0x00001530       0x40 build\kernel\components\drivers\misc\pin.o
                0x00001530                rt_pin_mode
 .text.rt_pin_write
                0x00001570       0x40 build\kernel\components\drivers\misc\pin.o
                0x00001570                rt_pin_write
 .text.rt_pin_read
                0x000015b0       0x3c build\kernel\components\drivers\misc\pin.o
                0x000015b0                rt_pin_read
 .text.rt_pin_get
                0x000015ec       0x60 build\kernel\components\drivers\misc\pin.o
                0x000015ec                rt_pin_get
 .text._pin_cmd_conv
                0x0000164c       0xb4 build\kernel\components\drivers\misc\pin.o
 .text._pin_cmd_print_usage
                0x00001700       0x58 build\kernel\components\drivers\misc\pin.o
 .text._pin_cmd_get
                0x00001758       0x5c build\kernel\components\drivers\misc\pin.o
 .text._pin_cmd_mode
                0x000017b4      0x110 build\kernel\components\drivers\misc\pin.o
 .text._pin_cmd_read
                0x000018c4       0x94 build\kernel\components\drivers\misc\pin.o
 .text._pin_cmd_write
                0x00001958       0xe4 build\kernel\components\drivers\misc\pin.o
 .text._pin_cmd
                0x00001a3c       0xac build\kernel\components\drivers\misc\pin.o
 .text.rt_list_isempty
                0x00001ae8       0x24 build\kernel\components\finsh\cmd.o
 .text.rt_list_len
                0x00001b0c       0x38 build\kernel\components\finsh\cmd.o
 .text.clear    0x00001b44       0x14 build\kernel\components\finsh\cmd.o
 .text.version  0x00001b58       0x10 build\kernel\components\finsh\cmd.o
                0x00001b58                version
 .text.object_split
                0x00001b68       0x28 build\kernel\components\finsh\cmd.o
 .text.list_find_init
                0x00001b90       0x48 build\kernel\components\finsh\cmd.o
 .text.list_get_next
                0x00001bd8       0xc0 build\kernel\components\finsh\cmd.o
 .text.list_thread
                0x00001c98      0x218 build\kernel\components\finsh\cmd.o
                0x00001c98                list_thread
 .text.show_wait_queue
                0x00001eb0       0x50 build\kernel\components\finsh\cmd.o
 .text.list_sem
                0x00001f00      0x128 build\kernel\components\finsh\cmd.o
                0x00001f00                list_sem
 .text.list_event
                0x00002028      0x114 build\kernel\components\finsh\cmd.o
                0x00002028                list_event
 .text.list_mutex
                0x0000213c      0x154 build\kernel\components\finsh\cmd.o
                0x0000213c                list_mutex
 .text.list_mailbox
                0x00002290      0x138 build\kernel\components\finsh\cmd.o
                0x00002290                list_mailbox
 .text.list_msgqueue
                0x000023c8      0x128 build\kernel\components\finsh\cmd.o
                0x000023c8                list_msgqueue
 .text.list_timer
                0x000024f0      0x124 build\kernel\components\finsh\cmd.o
                0x000024f0                list_timer
 .text.list_device
                0x00002614      0x100 build\kernel\components\finsh\cmd.o
                0x00002614                list_device
 .text.cmd_list
                0x00002714      0x184 build\kernel\components\finsh\cmd.o
                0x00002714                cmd_list
 .text.msh_help
                0x00002898       0x5c build\kernel\components\finsh\msh.o
                0x00002898                msh_help
 .text.cmd_ps   0x000028f4       0x18 build\kernel\components\finsh\msh.o
                0x000028f4                cmd_ps
 .text.cmd_free
                0x0000290c       0x70 build\kernel\components\finsh\msh.o
                0x0000290c                cmd_free
 .text.msh_split
                0x0000297c      0x170 build\kernel\components\finsh\msh.o
 .text.msh_get_cmd
                0x00002aec       0x64 build\kernel\components\finsh\msh.o
 .text._msh_exec_cmd
                0x00002b50       0xd4 build\kernel\components\finsh\msh.o
 .text.msh_exec
                0x00002c24       0x8c build\kernel\components\finsh\msh.o
                0x00002c24                msh_exec
 .text.str_common
                0x00002cb0       0x4c build\kernel\components\finsh\msh.o
 .text.msh_auto_complete
                0x00002cfc       0xb4 build\kernel\components\finsh\msh.o
                0x00002cfc                msh_auto_complete
 .text.msh_isint
                0x00002db0       0x68 build\kernel\components\finsh\msh_parse.o
                0x00002db0                msh_isint
 .text.finsh_get_prompt
                0x00002e18       0x78 build\kernel\components\finsh\shell.o
                0x00002e18                finsh_get_prompt
 .text.finsh_set_prompt_mode
                0x00002e90       0x48 build\kernel\components\finsh\shell.o
                0x00002e90                finsh_set_prompt_mode
 .text.finsh_getchar
                0x00002ed8       0x90 build\kernel\components\finsh\shell.o
                0x00002ed8                finsh_getchar
 .text.finsh_rx_ind
                0x00002f68       0x3c build\kernel\components\finsh\shell.o
 .text.finsh_set_device
                0x00002fa4       0xd8 build\kernel\components\finsh\shell.o
                0x00002fa4                finsh_set_device
 .text.shell_auto_complete
                0x0000307c       0x34 build\kernel\components\finsh\shell.o
 .text.shell_handle_history
                0x000030b0       0x34 build\kernel\components\finsh\shell.o
 .text.shell_push_history
                0x000030e4      0x160 build\kernel\components\finsh\shell.o
 .text.finsh_thread_entry
                0x00003244      0x5d0 build\kernel\components\finsh\shell.o
                0x00003244                finsh_thread_entry
 .text.finsh_system_function_init
                0x00003814       0x2c build\kernel\components\finsh\shell.o
                0x00003814                finsh_system_function_init
 .text.finsh_system_init
                0x00003840       0x9c build\kernel\components\finsh\shell.o
                0x00003840                finsh_system_init
 .text._malloc_r
                0x000038dc       0x28 build\kernel\components\libc\compilers\newlib\syscalls.o
                0x000038dc                _malloc_r
 .text          0x00003904      0x144 build\kernel\libcpu\arm\cortex-m4\context_gcc.o
                0x00003904                rt_hw_interrupt_disable
                0x0000390c                rt_hw_interrupt_enable
                0x00003912                rt_hw_context_switch_interrupt
                0x00003912                rt_hw_context_switch
                0x00003932                PendSV_Handler
                0x0000399e                rt_hw_context_switch_to
                0x000039ec                rt_hw_interrupt_thread_switch
                0x000039f0                HardFault_Handler
 .text.rt_hw_stack_init
                0x00003a48       0x90 build\kernel\libcpu\arm\cortex-m4\cpuport.o
                0x00003a48                rt_hw_stack_init
 .text.usage_fault_track
                0x00003ad8       0xc4 build\kernel\libcpu\arm\cortex-m4\cpuport.o
 .text.bus_fault_track
                0x00003b9c       0xcc build\kernel\libcpu\arm\cortex-m4\cpuport.o
 .text.mem_manage_fault_track
                0x00003c68       0xb4 build\kernel\libcpu\arm\cortex-m4\cpuport.o
 .text.hard_fault_track
                0x00003d1c       0x78 build\kernel\libcpu\arm\cortex-m4\cpuport.o
 .text.rt_hw_hard_fault_exception
                0x00003d94      0x184 build\kernel\libcpu\arm\cortex-m4\cpuport.o
                0x00003d94                rt_hw_hard_fault_exception
 .text.__rt_ffs
                0x00003f18       0x2c build\kernel\libcpu\arm\cortex-m4\cpuport.o
                0x00003f18                __rt_ffs
 .text.rt_tick_get
                0x00003f44       0x18 build\kernel\src\clock.o
                0x00003f44                rt_tick_get
 .text.rt_tick_increase
                0x00003f5c       0x7c build\kernel\src\clock.o
                0x00003f5c                rt_tick_increase
 .text.rt_tick_from_millisecond
                0x00003fd8       0x78 build\kernel\src\clock.o
                0x00003fd8                rt_tick_from_millisecond
 .text.rti_start
                0x00004050       0x10 build\kernel\src\components.o
 .text.rti_board_start
                0x00004060       0x10 build\kernel\src\components.o
 .text.rti_board_end
                0x00004070       0x10 build\kernel\src\components.o
 .text.rti_end  0x00004080       0x10 build\kernel\src\components.o
 .text.rt_device_find
                0x00004090       0x1c build\kernel\src\device.o
                0x00004090                rt_device_find
 .text.rt_device_open
                0x000040ac      0x118 build\kernel\src\device.o
                0x000040ac                rt_device_open
 .text.rt_device_close
                0x000041c4       0x9c build\kernel\src\device.o
                0x000041c4                rt_device_close
 .text.rt_device_read
                0x00004260       0x88 build\kernel\src\device.o
                0x00004260                rt_device_read
 .text.rt_device_write
                0x000042e8       0x88 build\kernel\src\device.o
                0x000042e8                rt_device_write
 .text.rt_device_set_rx_indicate
                0x00004370       0x54 build\kernel\src\device.o
                0x00004370                rt_device_set_rx_indicate
 .text.rt_list_insert_after
                0x000043c4       0x34 build\kernel\src\idle.o
 .text.rt_thread_defunct_enqueue
                0x000043f8       0x20 build\kernel\src\idle.o
                0x000043f8                rt_thread_defunct_enqueue
 .text.rt_list_init
                0x00004418       0x24 build\kernel\src\ipc.o
 .text.rt_list_insert_after
                0x0000443c       0x34 build\kernel\src\ipc.o
 .text.rt_list_insert_before
                0x00004470       0x34 build\kernel\src\ipc.o
 .text.rt_list_remove
                0x000044a4       0x38 build\kernel\src\ipc.o
 .text.rt_list_isempty
                0x000044dc       0x24 build\kernel\src\ipc.o
 .text._ipc_object_init
                0x00004500       0x1c build\kernel\src\ipc.o
 .text._ipc_list_suspend
                0x0000451c       0xb4 build\kernel\src\ipc.o
 .text._ipc_list_resume
                0x000045d0       0x28 build\kernel\src\ipc.o
 .text.rt_sem_init
                0x000045f8       0x88 build\kernel\src\ipc.o
                0x000045f8                rt_sem_init
 .text._rt_sem_take
                0x00004680      0x1a8 build\kernel\src\ipc.o
 .text.rt_sem_take
                0x00004828       0x20 build\kernel\src\ipc.o
                0x00004828                rt_sem_take
 .text.rt_sem_release
                0x00004848       0xc0 build\kernel\src\ipc.o
                0x00004848                rt_sem_release
 .text._mutex_update_priority
                0x00004908       0x40 build\kernel\src\ipc.o
 .text._thread_get_mutex_priority
                0x00004948       0x58 build\kernel\src\ipc.o
 .text._thread_update_priority
                0x000049a0       0xa4 build\kernel\src\ipc.o
 .text.rt_mutex_drop_thread
                0x00004a44       0x90 build\kernel\src\ipc.o
                0x00004a44                rt_mutex_drop_thread
 .text._rt_mutex_take
                0x00004ad4      0x2d8 build\kernel\src\ipc.o
 .text.rt_mutex_take
                0x00004dac       0x20 build\kernel\src\ipc.o
                0x00004dac                rt_mutex_take
 .text.rt_mutex_release
                0x00004dcc      0x1dc build\kernel\src\ipc.o
                0x00004dcc                rt_mutex_release
 .text.rt_interrupt_enter
                0x00004fa8       0x40 build\kernel\src\irq.o
                0x00004fa8                rt_interrupt_enter
 .text.rt_interrupt_leave
                0x00004fe8       0x40 build\kernel\src\irq.o
                0x00004fe8                rt_interrupt_leave
 .text.rt_interrupt_get_nest
                0x00005028       0x28 build\kernel\src\irq.o
                0x00005028                rt_interrupt_get_nest
 .text.rt_strerror
                0x00005050       0x38 build\kernel\src\kservice.o
                0x00005050                rt_strerror
 .text.rt_set_errno
                0x00005088       0x44 build\kernel\src\kservice.o
                0x00005088                rt_set_errno
 .text.rt_memset
                0x000050cc       0xc8 build\kernel\src\kservice.o
                0x000050cc                rt_memset
 .text.rt_memcpy
                0x00005194       0xdc build\kernel\src\kservice.o
                0x00005194                rt_memcpy
 .text.rt_memmove
                0x00005270       0x84 build\kernel\src\kservice.o
                0x00005270                rt_memmove
 .text.rt_strncpy
                0x000052f4       0x64 build\kernel\src\kservice.o
                0x000052f4                rt_strncpy
 .text.rt_strncmp
                0x00005358       0x54 build\kernel\src\kservice.o
                0x00005358                rt_strncmp
 .text.rt_strcmp
                0x000053ac       0x44 build\kernel\src\kservice.o
                0x000053ac                rt_strcmp
 .text.rt_strlen
                0x000053f0       0x34 build\kernel\src\kservice.o
                0x000053f0                rt_strlen
 .text.rt_show_version
                0x00005424       0x4c build\kernel\src\kservice.o
                0x00005424                rt_show_version
 .text.divide   0x00005470       0x38 build\kernel\src\kservice.o
 .text.skip_atoi
                0x000054a8       0x48 build\kernel\src\kservice.o
 .text.print_number
                0x000054f0      0x334 build\kernel\src\kservice.o
 .text.rt_vsnprintf
                0x00005824      0x59c build\kernel\src\kservice.o
                0x00005824                rt_vsnprintf
 .text.rt_console_get_device
                0x00005dc0       0x18 build\kernel\src\kservice.o
                0x00005dc0                rt_console_get_device
 .text.rt_hw_console_output
                0x00005dd8       0x14 build\kernel\src\kservice.o
                0x00005dd8                rt_hw_console_output
 .text.rt_kprintf
                0x00005dec       0x64 build\kernel\src\kservice.o
                0x00005dec                rt_kprintf
 .text._heap_lock
                0x00005e50       0x28 build\kernel\src\kservice.o
 .text._heap_unlock
                0x00005e78       0x40 build\kernel\src\kservice.o
 .text._smem_info
                0x00005eb8       0x4c build\kernel\src\kservice.o
 .text.rt_malloc
                0x00005f04       0x48 build\kernel\src\kservice.o
                0x00005f04                rt_malloc
 .text.rt_calloc
                0x00005f4c       0x3c build\kernel\src\kservice.o
                0x00005f4c                rt_calloc
 .text.rt_free  0x00005f88       0x40 build\kernel\src\kservice.o
                0x00005f88                rt_free
 .text.rt_memory_info
                0x00005fc8       0x2c build\kernel\src\kservice.o
                0x00005fc8                rt_memory_info
 .text.rt_assert_handler
                0x00005ff4       0x4c build\kernel\src\kservice.o
                0x00005ff4                rt_assert_handler
 .text.plug_holes
                0x00006040       0xf4 build\kernel\src\mem.o
 .text.rt_smem_alloc
                0x00006134      0x26c build\kernel\src\mem.o
                0x00006134                rt_smem_alloc
 .text.rt_smem_free
                0x000063a0      0x140 build\kernel\src\mem.o
                0x000063a0                rt_smem_free
 .text.rt_list_insert_after
                0x000064e0       0x34 build\kernel\src\object.o
 .text.rt_list_remove
                0x00006514       0x38 build\kernel\src\object.o
 .text.rt_object_get_information
                0x0000654c       0x48 build\kernel\src\object.o
                0x0000654c                rt_object_get_information
 .text.rt_object_init
                0x00006594       0xc4 build\kernel\src\object.o
                0x00006594                rt_object_init
 .text.rt_object_detach
                0x00006658       0x5c build\kernel\src\object.o
                0x00006658                rt_object_detach
 .text.rt_object_allocate
                0x000066b4       0xd8 build\kernel\src\object.o
                0x000066b4                rt_object_allocate
 .text.rt_object_delete
                0x0000678c       0x7c build\kernel\src\object.o
                0x0000678c                rt_object_delete
 .text.rt_object_is_systemobject
                0x00006808       0x3c build\kernel\src\object.o
                0x00006808                rt_object_is_systemobject
 .text.rt_object_get_type
                0x00006844       0x34 build\kernel\src\object.o
                0x00006844                rt_object_get_type
 .text.rt_object_find
                0x00006878       0xb4 build\kernel\src\object.o
                0x00006878                rt_object_find
 .text.rt_list_insert_after
                0x0000692c       0x34 build\kernel\src\scheduler.o
 .text.rt_list_insert_before
                0x00006960       0x34 build\kernel\src\scheduler.o
 .text.rt_list_remove
                0x00006994       0x38 build\kernel\src\scheduler.o
 .text.rt_list_isempty
                0x000069cc       0x24 build\kernel\src\scheduler.o
 .text._scheduler_stack_check
                0x000069f0       0x94 build\kernel\src\scheduler.o
 .text._scheduler_get_highest_priority_thread
                0x00006a84       0x3c build\kernel\src\scheduler.o
 .text.rt_schedule
                0x00006ac0      0x1a0 build\kernel\src\scheduler.o
                0x00006ac0                rt_schedule
 .text.rt_schedule_insert_thread
                0x00006c60       0xd4 build\kernel\src\scheduler.o
                0x00006c60                rt_schedule_insert_thread
 .text.rt_schedule_remove_thread
                0x00006d34       0x70 build\kernel\src\scheduler.o
                0x00006d34                rt_schedule_remove_thread
 .text.rt_enter_critical
                0x00006da4       0x30 build\kernel\src\scheduler.o
                0x00006da4                rt_enter_critical
 .text.rt_exit_critical
                0x00006dd4       0x58 build\kernel\src\scheduler.o
                0x00006dd4                rt_exit_critical
 .text.rt_critical_level
                0x00006e2c       0x1c build\kernel\src\scheduler.o
                0x00006e2c                rt_critical_level
 .text.rt_list_init
                0x00006e48       0x24 build\kernel\src\thread.o
 .text.rt_list_remove
                0x00006e6c       0x38 build\kernel\src\thread.o
 .text._thread_exit
                0x00006ea4       0x44 build\kernel\src\thread.o
 .text._thread_timeout
                0x00006ee8       0x8c build\kernel\src\thread.o
 .text._thread_init
                0x00006f74      0x11c build\kernel\src\thread.o
 .text.rt_thread_self
                0x00007090       0x18 build\kernel\src\thread.o
                0x00007090                rt_thread_self
 .text.rt_thread_startup
                0x000070a8       0x94 build\kernel\src\thread.o
                0x000070a8                rt_thread_startup
 .text.rt_thread_detach
                0x0000713c       0xdc build\kernel\src\thread.o
                0x0000713c                rt_thread_detach
 .text.rt_thread_create
                0x00007218       0x64 build\kernel\src\thread.o
                0x00007218                rt_thread_create
 .text.rt_thread_delete
                0x0000727c       0xdc build\kernel\src\thread.o
                0x0000727c                rt_thread_delete
 .text.rt_thread_sleep
                0x00007358      0x148 build\kernel\src\thread.o
                0x00007358                rt_thread_sleep
 .text.rt_thread_mdelay
                0x000074a0       0x20 build\kernel\src\thread.o
                0x000074a0                rt_thread_mdelay
 .text.rt_thread_control
                0x000074c0       0xf0 build\kernel\src\thread.o
                0x000074c0                rt_thread_control
 .text.rt_thread_set_suspend_state
                0x000075b0       0x80 build\kernel\src\thread.o
 .text.rt_thread_suspend_with_flag
                0x00007630       0xdc build\kernel\src\thread.o
                0x00007630                rt_thread_suspend_with_flag
 .text.rt_thread_resume
                0x0000770c       0x98 build\kernel\src\thread.o
                0x0000770c                rt_thread_resume
 .text.rt_list_init
                0x000077a4       0x24 build\kernel\src\timer.o
 .text.rt_list_insert_after
                0x000077c8       0x34 build\kernel\src\timer.o
 .text.rt_list_remove
                0x000077fc       0x38 build\kernel\src\timer.o
 .text.rt_list_isempty
                0x00007834       0x24 build\kernel\src\timer.o
 .text._timer_init
                0x00007858       0x68 build\kernel\src\timer.o
 .text._timer_remove
                0x000078c0       0x34 build\kernel\src\timer.o
 .text.rt_timer_init
                0x000078f4       0x80 build\kernel\src\timer.o
                0x000078f4                rt_timer_init
 .text.rt_timer_detach
                0x00007974       0x90 build\kernel\src\timer.o
                0x00007974                rt_timer_detach
 .text.rt_timer_start
                0x00007a04      0x230 build\kernel\src\timer.o
                0x00007a04                rt_timer_start
 .text.rt_timer_stop
                0x00007c34       0x98 build\kernel\src\timer.o
                0x00007c34                rt_timer_stop
 .text.rt_timer_control
                0x00007ccc      0x130 build\kernel\src\timer.o
                0x00007ccc                rt_timer_control
 .text.rt_timer_check
                0x00007dfc      0x108 build\kernel\src\timer.o
                0x00007dfc                rt_timer_check
 .text.hal_entry
                0x00007f04       0x34 build\src\hal_entry.o
                0x00007f04                hal_entry
 .text.atoi     0x00007f38        0x8 d:/softwoare/tools_work/env_released_1.2.0/env/tools/gnu_gcc/arm_gcc/mingw/bin/../lib/gcc/arm-none-eabi/5.4.1/../../../../arm-none-eabi/lib/armv7e-m/fpu/fpv5-sp-d16\libc.a(lib_a-atoi.o)
                0x00007f38                atoi
 .text.__get_current_locale
                0x00007f40       0x18 d:/softwoare/tools_work/env_released_1.2.0/env/tools/gnu_gcc/arm_gcc/mingw/bin/../lib/gcc/arm-none-eabi/5.4.1/../../../../arm-none-eabi/lib/armv7e-m/fpu/fpv5-sp-d16\libc.a(lib_a-locale.o)
 .text.__locale_ctype_ptr_l
                0x00007f58        0x8 d:/softwoare/tools_work/env_released_1.2.0/env/tools/gnu_gcc/arm_gcc/mingw/bin/../lib/gcc/arm-none-eabi/5.4.1/../../../../arm-none-eabi/lib/armv7e-m/fpu/fpv5-sp-d16\libc.a(lib_a-locale.o)
                0x00007f58                __locale_ctype_ptr_l
 .text.__locale_ctype_ptr
                0x00007f60       0x14 d:/softwoare/tools_work/env_released_1.2.0/env/tools/gnu_gcc/arm_gcc/mingw/bin/../lib/gcc/arm-none-eabi/5.4.1/../../../../arm-none-eabi/lib/armv7e-m/fpu/fpv5-sp-d16\libc.a(lib_a-locale.o)
                0x00007f60                __locale_ctype_ptr
 .text.malloc   0x00007f74       0x10 d:/softwoare/tools_work/env_released_1.2.0/env/tools/gnu_gcc/arm_gcc/mingw/bin/../lib/gcc/arm-none-eabi/5.4.1/../../../../arm-none-eabi/lib/armv7e-m/fpu/fpv5-sp-d16\libc.a(lib_a-malloc.o)
                0x00007f74                malloc
 .text.__ascii_mbtowc
                0x00007f84       0x2c d:/softwoare/tools_work/env_released_1.2.0/env/tools/gnu_gcc/arm_gcc/mingw/bin/../lib/gcc/arm-none-eabi/5.4.1/../../../../arm-none-eabi/lib/armv7e-m/fpu/fpv5-sp-d16\libc.a(lib_a-mbtowc_r.o)
                0x00007f84                __ascii_mbtowc
 .text.memcmp   0x00007fb0       0x64 d:/softwoare/tools_work/env_released_1.2.0/env/tools/gnu_gcc/arm_gcc/mingw/bin/../lib/gcc/arm-none-eabi/5.4.1/../../../../arm-none-eabi/lib/armv7e-m/fpu/fpv5-sp-d16\libc.a(lib_a-memcmp.o)
                0x00007fb0                memcmp
 .text          0x00008014      0x134 d:/softwoare/tools_work/env_released_1.2.0/env/tools/gnu_gcc/arm_gcc/mingw/bin/../lib/gcc/arm-none-eabi/5.4.1/../../../../arm-none-eabi/lib/armv7e-m/fpu/fpv5-sp-d16\libc.a(lib_a-memcpy.o)
                0x00008014                memcpy
 .text.memset   0x00008148       0x9c d:/softwoare/tools_work/env_released_1.2.0/env/tools/gnu_gcc/arm_gcc/mingw/bin/../lib/gcc/arm-none-eabi/5.4.1/../../../../arm-none-eabi/lib/armv7e-m/fpu/fpv5-sp-d16\libc.a(lib_a-memset.o)
                0x00008148                memset
 *fill*         0x000081e4       0x1c ff
 .text          0x00008200      0x2dc d:/softwoare/tools_work/env_released_1.2.0/env/tools/gnu_gcc/arm_gcc/mingw/bin/../lib/gcc/arm-none-eabi/5.4.1/../../../../arm-none-eabi/lib/armv7e-m/fpu/fpv5-sp-d16\libc.a(lib_a-strcmp.o)
                0x00008208                strcmp
 *fill*         0x000084dc       0x24 ff
 .text          0x00008500       0xdc d:/softwoare/tools_work/env_released_1.2.0/env/tools/gnu_gcc/arm_gcc/mingw/bin/../lib/gcc/arm-none-eabi/5.4.1/../../../../arm-none-eabi/lib/armv7e-m/fpu/fpv5-sp-d16\libc.a(lib_a-strlen.o)
                0x00008500                strlen
 .text.strncat  0x000085dc       0x5c d:/softwoare/tools_work/env_released_1.2.0/env/tools/gnu_gcc/arm_gcc/mingw/bin/../lib/gcc/arm-none-eabi/5.4.1/../../../../arm-none-eabi/lib/armv7e-m/fpu/fpv5-sp-d16\libc.a(lib_a-strncat.o)
                0x000085dc                strncat
 .text.strncmp  0x00008638       0xa0 d:/softwoare/tools_work/env_released_1.2.0/env/tools/gnu_gcc/arm_gcc/mingw/bin/../lib/gcc/arm-none-eabi/5.4.1/../../../../arm-none-eabi/lib/armv7e-m/fpu/fpv5-sp-d16\libc.a(lib_a-strncmp.o)
                0x00008638                strncmp
 .text.strncpy  0x000086d8       0x68 d:/softwoare/tools_work/env_released_1.2.0/env/tools/gnu_gcc/arm_gcc/mingw/bin/../lib/gcc/arm-none-eabi/5.4.1/../../../../arm-none-eabi/lib/armv7e-m/fpu/fpv5-sp-d16\libc.a(lib_a-strncpy.o)
                0x000086d8                strncpy
 .text._strtol_l.isra.0
                0x00008740      0x138 d:/softwoare/tools_work/env_released_1.2.0/env/tools/gnu_gcc/arm_gcc/mingw/bin/../lib/gcc/arm-none-eabi/5.4.1/../../../../arm-none-eabi/lib/armv7e-m/fpu/fpv5-sp-d16\libc.a(lib_a-strtol.o)
 .text.strtol   0x00008878       0x2c d:/softwoare/tools_work/env_released_1.2.0/env/tools/gnu_gcc/arm_gcc/mingw/bin/../lib/gcc/arm-none-eabi/5.4.1/../../../../arm-none-eabi/lib/armv7e-m/fpu/fpv5-sp-d16\libc.a(lib_a-strtol.o)
                0x00008878                strtol
 .text.__ascii_wctomb
                0x000088a4       0x1c d:/softwoare/tools_work/env_released_1.2.0/env/tools/gnu_gcc/arm_gcc/mingw/bin/../lib/gcc/arm-none-eabi/5.4.1/../../../../arm-none-eabi/lib/armv7e-m/fpu/fpv5-sp-d16\libc.a(lib_a-wctomb_r.o)
                0x000088a4                __ascii_wctomb
 .text.startup.register_fini
                0x000088c0       0x14 d:/softwoare/tools_work/env_released_1.2.0/env/tools/gnu_gcc/arm_gcc/mingw/bin/../lib/gcc/arm-none-eabi/5.4.1/../../../../arm-none-eabi/lib/armv7e-m/fpu/fpv5-sp-d16\libc.a(lib_a-__call_atexit.o)
 .text.atexit   0x000088d4        0xc d:/softwoare/tools_work/env_released_1.2.0/env/tools/gnu_gcc/arm_gcc/mingw/bin/../lib/gcc/arm-none-eabi/5.4.1/../../../../arm-none-eabi/lib/armv7e-m/fpu/fpv5-sp-d16\libc.a(lib_a-atexit.o)
                0x000088d4                atexit
 .text.__libc_fini_array
                0x000088e0       0x28 d:/softwoare/tools_work/env_released_1.2.0/env/tools/gnu_gcc/arm_gcc/mingw/bin/../lib/gcc/arm-none-eabi/5.4.1/../../../../arm-none-eabi/lib/armv7e-m/fpu/fpv5-sp-d16\libc.a(lib_a-fini.o)
                0x000088e0                __libc_fini_array
 .text.__register_exitproc
                0x00008908       0xa4 d:/softwoare/tools_work/env_released_1.2.0/env/tools/gnu_gcc/arm_gcc/mingw/bin/../lib/gcc/arm-none-eabi/5.4.1/../../../../arm-none-eabi/lib/armv7e-m/fpu/fpv5-sp-d16\libc.a(lib_a-__atexit.o)
                0x00008908                __register_exitproc
 *(.version)
 .version       0x000089ac       0x50 ra\fsp\src\bsp\mcu\all\bsp_common.o
 *(.init)
 .init          0x000089fc        0x4 d:/softwoare/tools_work/env_released_1.2.0/env/tools/gnu_gcc/arm_gcc/mingw/bin/../lib/gcc/arm-none-eabi/5.4.1/armv7e-m/fpu/fpv5-sp-d16/crti.o
                0x000089fc                _init
 .init          0x00008a00        0x8 d:/softwoare/tools_work/env_released_1.2.0/env/tools/gnu_gcc/arm_gcc/mingw/bin/../lib/gcc/arm-none-eabi/5.4.1/armv7e-m/fpu/fpv5-sp-d16/crtn.o
 *(.fini)
 .fini          0x00008a08        0x4 d:/softwoare/tools_work/env_released_1.2.0/env/tools/gnu_gcc/arm_gcc/mingw/bin/../lib/gcc/arm-none-eabi/5.4.1/armv7e-m/fpu/fpv5-sp-d16/crti.o
                0x00008a08                _fini
 .fini          0x00008a0c        0x8 d:/softwoare/tools_work/env_released_1.2.0/env/tools/gnu_gcc/arm_gcc/mingw/bin/../lib/gcc/arm-none-eabi/5.4.1/armv7e-m/fpu/fpv5-sp-d16/crtn.o
                0x00008a14                . = ALIGN (0x4)
                0x00008a14                __fsymtab_start = .
 *(FSymTab)
 FSymTab        0x00008a14        0xc libraries\HAL_Drivers\drv_common.o
                0x00008a14                __fsym_reboot
 FSymTab        0x00008a20        0xc build\kernel\components\drivers\misc\pin.o
                0x00008a20                __fsym_pin
 FSymTab        0x00008a2c       0x24 build\kernel\components\finsh\cmd.o
                0x00008a2c                __fsym_clear
                0x00008a38                __fsym_version
                0x00008a44                __fsym_list
 FSymTab        0x00008a50       0x24 build\kernel\components\finsh\msh.o
                0x00008a50                __fsym_help
                0x00008a5c                __fsym_ps
                0x00008a68                __fsym_free
                0x00008a74                __fsymtab_end = .
                0x00008a74                . = ALIGN (0x4)
                0x00008a74                __vsymtab_start = .
 *(VSymTab)
                0x00008a74                __vsymtab_end = .
                0x00008a74                . = ALIGN (0x4)
                0x00008a74                __rt_init_start = .
 *(SORT(.rti_fn*))
 .rti_fn.0      0x00008a74        0x4 build\kernel\src\components.o
                0x00008a74                __rt_init_rti_start
 .rti_fn.0.end  0x00008a78        0x4 build\kernel\src\components.o
                0x00008a78                __rt_init_rti_board_start
 .rti_fn.1.end  0x00008a7c        0x4 build\kernel\src\components.o
                0x00008a7c                __rt_init_rti_board_end
 .rti_fn.6      0x00008a80        0x4 build\kernel\components\finsh\shell.o
                0x00008a80                __rt_init_finsh_system_init
 .rti_fn.6.end  0x00008a84        0x4 build\kernel\src\components.o
                0x00008a84                __rt_init_rti_end
                0x00008a88                __rt_init_end = .
                0x00008a88                . = ALIGN (0x4)
 *(FalPartTable)
 *crtbegin.o(.ctors)
 *crtbegin?.o(.ctors)
 *(EXCLUDE_FILE(*crtend.o *crtend?.o) .ctors)
 *(SORT(.ctors.*))
 *(.ctors)
 *crtbegin.o(.dtors)
 *crtbegin?.o(.dtors)
 *(EXCLUDE_FILE(*crtend.o *crtend?.o) .dtors)
 *(SORT(.dtors.*))
 *(.dtors)
 *(.rodata*)
 .rodata.name   0x00008a88       0x16 libraries\HAL_Drivers\drv_common.o
                0x00008a88                __fsym_reboot_name
                0x00008a90                __fsym_reboot_desc
 *fill*         0x00008a9e        0x2 ff
 .rodata.g_prcr_masks
                0x00008aa0        0x8 ra\fsp\src\bsp\mcu\all\bsp_register_protection.o
 .rodata.g_ioport_on_ioport
                0x00008aa8       0x38 ra\fsp\src\r_ioport\r_ioport.o
                0x00008aa8                g_ioport_on_ioport
 .rodata.g_vbatt_pins_input
                0x00008ae0        0x6 ra\fsp\src\r_ioport\r_ioport.o
 *fill*         0x00008ae6        0x2 ff
 .rodata.g_ioport
                0x00008ae8        0xc build\ra_gen\common_data.o
                0x00008ae8                g_ioport
 .rodata.g_bsp_pin_cfg_data
                0x00008af4       0x30 build\ra_gen\pin_data.o
                0x00008af4                g_bsp_pin_cfg_data
 .rodata.g_bsp_pin_cfg
                0x00008b24        0x8 build\ra_gen\pin_data.o
                0x00008b24                g_bsp_pin_cfg
 .rodata.g_interrupt_event_link_select
                0x00008b2c       0xc0 build\ra_gen\vector_data.o
                0x00008b2c                g_interrupt_event_link_select
 .rodata        0x00008bec      0x2aa build\kernel\components\drivers\misc\pin.o
 *fill*         0x00008e96        0x2 ff
 .rodata.name   0x00008e98       0x11 build\kernel\components\drivers\misc\pin.o
                0x00008e98                __fsym_pin_name
                0x00008e9c                __fsym_pin_desc
 *fill*         0x00008ea9        0x3 ff
 .rodata.__FUNCTION__.5432
                0x00008eac        0xc build\kernel\components\drivers\misc\pin.o
 .rodata.__FUNCTION__.5437
                0x00008eb8        0xd build\kernel\components\drivers\misc\pin.o
 *fill*         0x00008ec5        0x3 ff
 .rodata.__FUNCTION__.5441
                0x00008ec8        0xc build\kernel\components\drivers\misc\pin.o
 .rodata.__FUNCTION__.5445
                0x00008ed4        0xb build\kernel\components\drivers\misc\pin.o
 *fill*         0x00008edf        0x1 ff
 .rodata        0x00008ee0      0x772 build\kernel\components\finsh\cmd.o
 *fill*         0x00009652        0x2 ff
 .rodata.name   0x00009654       0x65 build\kernel\components\finsh\cmd.o
                0x00009654                __fsym_clear_name
                0x0000965c                __fsym_clear_desc
                0x00009678                __fsym_version_name
                0x00009680                __fsym_version_desc
                0x000096a4                __fsym_list_name
                0x000096ac                __fsym_list_desc
 *fill*         0x000096b9        0x3 ff
 .rodata.device_type_str
                0x000096bc       0x7c build\kernel\components\finsh\cmd.o
 .rodata        0x00009738       0xb8 build\kernel\components\finsh\msh.o
 .rodata.name   0x000097f0       0x6d build\kernel\components\finsh\msh.o
                0x000097f0                __fsym_help_name
                0x000097f8                __fsym_help_desc
                0x00009810                __fsym_ps_name
                0x00009814                __fsym_ps_desc
                0x00009830                __fsym_free_name
                0x00009838                __fsym_free_desc
 *fill*         0x0000985d        0x3 ff
 .rodata.__FUNCTION__.5668
                0x00009860        0xe build\kernel\components\finsh\msh.o
 *fill*         0x0000986e        0x2 ff
 .rodata        0x00009870       0x91 build\kernel\components\finsh\shell.o
 *fill*         0x00009901        0x3 ff
 .rodata.__FUNCTION__.6195
                0x00009904       0x16 build\kernel\components\finsh\shell.o
 *fill*         0x0000991a        0x2 ff
 .rodata.__FUNCTION__.6201
                0x0000991c        0xe build\kernel\components\finsh\shell.o
 *fill*         0x0000992a        0x2 ff
 .rodata.__FUNCTION__.6209
                0x0000992c        0xd build\kernel\components\finsh\shell.o
 *fill*         0x00009939        0x3 ff
 .rodata.__FUNCTION__.6214
                0x0000993c       0x11 build\kernel\components\finsh\shell.o
 *fill*         0x0000994d        0x3 ff
 .rodata        0x00009950      0x2ce build\kernel\libcpu\arm\cortex-m4\cpuport.o
 *fill*         0x00009c1e        0x2 ff
 .rodata        0x00009c20       0xf4 build\kernel\src\device.o
 .rodata.__FUNCTION__.5343
                0x00009d14        0xf build\kernel\src\device.o
 *fill*         0x00009d23        0x1 ff
 .rodata.__FUNCTION__.5348
                0x00009d24       0x10 build\kernel\src\device.o
 .rodata.__FUNCTION__.5355
                0x00009d34        0xf build\kernel\src\device.o
 *fill*         0x00009d43        0x1 ff
 .rodata.__FUNCTION__.5362
                0x00009d44       0x10 build\kernel\src\device.o
 .rodata.__FUNCTION__.5375
                0x00009d54       0x1a build\kernel\src\device.o
 *fill*         0x00009d6e        0x2 ff
 .rodata        0x00009d70      0x4de build\kernel\src\ipc.o
 *fill*         0x0000a24e        0x2 ff
 .rodata.__FUNCTION__.5412
                0x0000a250        0xc build\kernel\src\ipc.o
 .rodata.__FUNCTION__.5438
                0x0000a25c        0xd build\kernel\src\ipc.o
 *fill*         0x0000a269        0x3 ff
 .rodata.__FUNCTION__.5393
                0x0000a26c       0x12 build\kernel\src\ipc.o
 *fill*         0x0000a27e        0x2 ff
 .rodata.__FUNCTION__.5462
                0x0000a280        0xf build\kernel\src\ipc.o
 *fill*         0x0000a28f        0x1 ff
 .rodata.__FUNCTION__.5542
                0x0000a290        0xf build\kernel\src\ipc.o
 *fill*         0x0000a29f        0x1 ff
 .rodata.__FUNCTION__.5569
                0x0000a2a0       0x11 build\kernel\src\ipc.o
 *fill*         0x0000a2b1        0x3 ff
 .rodata        0x0000a2b4      0x1cf build\kernel\src\kservice.o
 *fill*         0x0000a483        0x1 ff
 .rodata.large_digits.5559
                0x0000a484       0x11 build\kernel\src\kservice.o
 *fill*         0x0000a495        0x3 ff
 .rodata.small_digits.5558
                0x0000a498       0x11 build\kernel\src\kservice.o
 *fill*         0x0000a4a9        0x3 ff
 .rodata.__FUNCTION__.5703
                0x0000a4ac        0xd build\kernel\src\kservice.o
 *fill*         0x0000a4b9        0x3 ff
 .rodata        0x0000a4bc      0x41b build\kernel\src\mem.o
 *fill*         0x0000a8d7        0x1 ff
 .rodata.__FUNCTION__.5384
                0x0000a8d8        0xb build\kernel\src\mem.o
 *fill*         0x0000a8e3        0x1 ff
 .rodata.__FUNCTION__.5409
                0x0000a8e4        0xe build\kernel\src\mem.o
 *fill*         0x0000a8f2        0x2 ff
 .rodata.__FUNCTION__.5434
                0x0000a8f4        0xd build\kernel\src\mem.o
 *fill*         0x0000a901        0x3 ff
 .rodata        0x0000a904       0x91 build\kernel\src\object.o
 *fill*         0x0000a995        0x3 ff
 .rodata.__FUNCTION__.5454
                0x0000a998        0xf build\kernel\src\object.o
 *fill*         0x0000a9a7        0x1 ff
 .rodata.__FUNCTION__.5463
                0x0000a9a8       0x11 build\kernel\src\object.o
 *fill*         0x0000a9b9        0x3 ff
 .rodata.__FUNCTION__.5472
                0x0000a9bc       0x13 build\kernel\src\object.o
 *fill*         0x0000a9cf        0x1 ff
 .rodata.__FUNCTION__.5477
                0x0000a9d0       0x11 build\kernel\src\object.o
 *fill*         0x0000a9e1        0x3 ff
 .rodata.__FUNCTION__.5481
                0x0000a9e4       0x1a build\kernel\src\object.o
 *fill*         0x0000a9fe        0x2 ff
 .rodata.__FUNCTION__.5485
                0x0000aa00       0x13 build\kernel\src\object.o
 *fill*         0x0000aa13        0x1 ff
 .rodata.__FUNCTION__.5494
                0x0000aa14        0xf build\kernel\src\object.o
 *fill*         0x0000aa23        0x1 ff
 .rodata        0x0000aa24       0x65 build\kernel\src\scheduler.o
 *fill*         0x0000aa89        0x3 ff
 .rodata.__FUNCTION__.5391
                0x0000aa8c       0x17 build\kernel\src\scheduler.o
 *fill*         0x0000aaa3        0x1 ff
 .rodata.__FUNCTION__.5429
                0x0000aaa4       0x1a build\kernel\src\scheduler.o
 *fill*         0x0000aabe        0x2 ff
 .rodata.__FUNCTION__.5435
                0x0000aac0       0x1a build\kernel\src\scheduler.o
 *fill*         0x0000aada        0x2 ff
 .rodata        0x0000aadc      0x237 build\kernel\src\thread.o
 *fill*         0x0000ad13        0x1 ff
 .rodata.__FUNCTION__.5396
                0x0000ad14       0x10 build\kernel\src\thread.o
 .rodata.__FUNCTION__.5408
                0x0000ad24        0xd build\kernel\src\thread.o
 *fill*         0x0000ad31        0x3 ff
 .rodata.__FUNCTION__.5429
                0x0000ad34       0x12 build\kernel\src\thread.o
 *fill*         0x0000ad46        0x2 ff
 .rodata.__FUNCTION__.5434
                0x0000ad48       0x11 build\kernel\src\thread.o
 *fill*         0x0000ad59        0x3 ff
 .rodata.__FUNCTION__.5451
                0x0000ad5c       0x11 build\kernel\src\thread.o
 *fill*         0x0000ad6d        0x3 ff
 .rodata.__FUNCTION__.5464
                0x0000ad70       0x10 build\kernel\src\thread.o
 .rodata.__FUNCTION__.5490
                0x0000ad80       0x12 build\kernel\src\thread.o
 *fill*         0x0000ad92        0x2 ff
 .rodata.__FUNCTION__.5502
                0x0000ad94       0x1c build\kernel\src\thread.o
 .rodata.__FUNCTION__.5514
                0x0000adb0       0x1c build\kernel\src\thread.o
 .rodata.__FUNCTION__.5522
                0x0000adcc       0x11 build\kernel\src\thread.o
 *fill*         0x0000addd        0x3 ff
 .rodata        0x0000ade0      0x10e build\kernel\src\timer.o
 *fill*         0x0000aeee        0x2 ff
 .rodata.__FUNCTION__.5423
                0x0000aef0        0xe build\kernel\src\timer.o
 *fill*         0x0000aefe        0x2 ff
 .rodata.__FUNCTION__.5428
                0x0000af00       0x10 build\kernel\src\timer.o
 .rodata.__FUNCTION__.5454
                0x0000af10        0xf build\kernel\src\timer.o
 *fill*         0x0000af1f        0x1 ff
 .rodata.__FUNCTION__.5471
                0x0000af20        0xe build\kernel\src\timer.o
 *fill*         0x0000af2e        0x2 ff
 .rodata.__FUNCTION__.5478
                0x0000af30       0x11 build\kernel\src\timer.o
 *fill*         0x0000af41        0x3 ff
 .rodata        0x0000af44       0x13 build\src\hal_entry.o
 *fill*         0x0000af57        0x1 ff
 .rodata._global_impure_ptr
                0x0000af58        0x4 d:/softwoare/tools_work/env_released_1.2.0/env/tools/gnu_gcc/arm_gcc/mingw/bin/../lib/gcc/arm-none-eabi/5.4.1/../../../../arm-none-eabi/lib/armv7e-m/fpu/fpv5-sp-d16\libc.a(lib_a-impure.o)
                0x0000af58                _global_impure_ptr
 .rodata.str1.4
                0x0000af5c       0x14 d:/softwoare/tools_work/env_released_1.2.0/env/tools/gnu_gcc/arm_gcc/mingw/bin/../lib/gcc/arm-none-eabi/5.4.1/../../../../arm-none-eabi/lib/armv7e-m/fpu/fpv5-sp-d16\libc.a(lib_a-locale.o)
                                 0x12 (size before relaxing)
 .rodata._ctype_
                0x0000af70      0x101 d:/softwoare/tools_work/env_released_1.2.0/env/tools/gnu_gcc/arm_gcc/mingw/bin/../lib/gcc/arm-none-eabi/5.4.1/../../../../arm-none-eabi/lib/armv7e-m/fpu/fpv5-sp-d16\libc.a(lib_a-ctype_.o)
                0x0000af70                _ctype_
                0x0000b071                __usb_dev_descriptor_start_fs = .
 *(.usb_device_desc_fs*)
                0x0000b071                __usb_cfg_descriptor_start_fs = .
 *(.usb_config_desc_fs*)
                0x0000b071                __usb_interface_descriptor_start_fs = .
 *(.usb_interface_desc_fs*)
                0x0000b071                __usb_descriptor_end_fs = .
                0x0000b071                __usb_dev_descriptor_start_hs = .
 *(.usb_device_desc_hs*)
                0x0000b071                __usb_cfg_descriptor_start_hs = .
 *(.usb_config_desc_hs*)
                0x0000b071                __usb_interface_descriptor_start_hs = .
 *(.usb_interface_desc_hs*)
                0x0000b071                __usb_descriptor_end_hs = .
 *(.eh_frame*)
 *fill*         0x0000b071        0x3 ff
 .eh_frame      0x0000b074        0x0 d:/softwoare/tools_work/env_released_1.2.0/env/tools/gnu_gcc/arm_gcc/mingw/bin/../lib/gcc/arm-none-eabi/5.4.1/armv7e-m/fpu/fpv5-sp-d16/crtbegin.o
 .eh_frame      0x0000b074        0x4 d:/softwoare/tools_work/env_released_1.2.0/env/tools/gnu_gcc/arm_gcc/mingw/bin/../lib/gcc/arm-none-eabi/5.4.1/armv7e-m/fpu/fpv5-sp-d16/crtend.o
                0x0000b078                __ROM_End = .
                0x000001c0                __Vectors_Size = (__Vectors_End - __Vectors)

.glue_7         0x0000b078        0x0
 .glue_7        0x0000b078        0x0 linker stubs

.glue_7t        0x0000b078        0x0
 .glue_7t       0x0000b078        0x0 linker stubs

.vfp11_veneer   0x0000b078        0x0
 .vfp11_veneer  0x0000b078        0x0 linker stubs

.v4_bx          0x0000b078        0x0
 .v4_bx         0x0000b078        0x0 linker stubs

.iplt           0x0000b078        0x0
 .iplt          0x0000b078        0x0 d:/softwoare/tools_work/env_released_1.2.0/env/tools/gnu_gcc/arm_gcc/mingw/bin/../lib/gcc/arm-none-eabi/5.4.1/armv7e-m/fpu/fpv5-sp-d16/crtbegin.o

.ARM.extab
 *(.ARM.extab* .gnu.linkonce.armextab.*)
                0x0000b078                __exidx_start = .

.ARM.exidx
 *(.ARM.exidx* .gnu.linkonce.armexidx.*)
                0x0000b078                __exidx_end = .
                0x0000b078                __etext = .
                0x1ffe0000                __tz_RAM_S = ORIGIN (RAM)

.fsp_dtc_vector_table
                0x1ffe0000        0x0
                0x1ffe0000                . = ORIGIN (RAM)
 *(.fsp_dtc_vector_table)

.data           0x1ffe0000      0x688 load address 0x0000b078
                0x1ffe0000                __data_start__ = .
                0x1ffe0000                . = ALIGN (0x4)
                0x1ffe0000                __Code_In_RAM_Start = .
 *(.code_in_ram*)
                0x1ffe0000                __Code_In_RAM_End = .
 *(vtable)
 *(.data.*)
 .data._rt_thread_defunct
                0x1ffe0000        0x8 build\kernel\src\idle.o
 .data.rt_errno_strs
                0x1ffe0008       0x30 build\kernel\src\kservice.o
 .data._object_container
                0x1ffe0038       0xa0 build\kernel\src\object.o
 .data._soft_timer_status
                0x1ffe00d8        0x1 build\kernel\src\timer.o
 *fill*         0x1ffe00d9        0x7 
 .data.impure_data
                0x1ffe00e0      0x428 d:/softwoare/tools_work/env_released_1.2.0/env/tools/gnu_gcc/arm_gcc/mingw/bin/../lib/gcc/arm-none-eabi/5.4.1/../../../../arm-none-eabi/lib/armv7e-m/fpu/fpv5-sp-d16\libc.a(lib_a-impure.o)
 .data._impure_ptr
                0x1ffe0508        0x4 d:/softwoare/tools_work/env_released_1.2.0/env/tools/gnu_gcc/arm_gcc/mingw/bin/../lib/gcc/arm-none-eabi/5.4.1/../../../../arm-none-eabi/lib/armv7e-m/fpu/fpv5-sp-d16\libc.a(lib_a-impure.o)
                0x1ffe0508                _impure_ptr
 .data.__global_locale
                0x1ffe050c      0x16c d:/softwoare/tools_work/env_released_1.2.0/env/tools/gnu_gcc/arm_gcc/mingw/bin/../lib/gcc/arm-none-eabi/5.4.1/../../../../arm-none-eabi/lib/armv7e-m/fpu/fpv5-sp-d16\libc.a(lib_a-locale.o)
                0x1ffe050c                __global_locale
 *(.data)
                0x1ffe0678                . = ALIGN (0x4)
                [!provide]                PROVIDE (__preinit_array_start, .)
 *(.preinit_array)
                [!provide]                PROVIDE (__preinit_array_end, .)
                0x1ffe0678                . = ALIGN (0x4)
                0x1ffe0678                PROVIDE (__init_array_start, .)
 *(SORT(.init_array.*))
 .init_array.00000
                0x1ffe0678        0x4 d:/softwoare/tools_work/env_released_1.2.0/env/tools/gnu_gcc/arm_gcc/mingw/bin/../lib/gcc/arm-none-eabi/5.4.1/../../../../arm-none-eabi/lib/armv7e-m/fpu/fpv5-sp-d16\libc.a(lib_a-__call_atexit.o)
 *(.init_array)
 .init_array    0x1ffe067c        0x4 d:/softwoare/tools_work/env_released_1.2.0/env/tools/gnu_gcc/arm_gcc/mingw/bin/../lib/gcc/arm-none-eabi/5.4.1/armv7e-m/fpu/fpv5-sp-d16/crtbegin.o
                0x1ffe0680                PROVIDE (__init_array_end, .)
                0x1ffe0680                . = ALIGN (0x4)
                0x1ffe0680                PROVIDE (__fini_array_start, .)
 *(SORT(.fini_array.*))
 *(.fini_array)
 .fini_array    0x1ffe0680        0x4 d:/softwoare/tools_work/env_released_1.2.0/env/tools/gnu_gcc/arm_gcc/mingw/bin/../lib/gcc/arm-none-eabi/5.4.1/armv7e-m/fpu/fpv5-sp-d16/crtbegin.o
                0x1ffe0684                PROVIDE (__fini_array_end, .)
 *(.jcr*)
 .jcr           0x1ffe0684        0x0 d:/softwoare/tools_work/env_released_1.2.0/env/tools/gnu_gcc/arm_gcc/mingw/bin/../lib/gcc/arm-none-eabi/5.4.1/armv7e-m/fpu/fpv5-sp-d16/crtbegin.o
 .jcr           0x1ffe0684        0x4 d:/softwoare/tools_work/env_released_1.2.0/env/tools/gnu_gcc/arm_gcc/mingw/bin/../lib/gcc/arm-none-eabi/5.4.1/armv7e-m/fpu/fpv5-sp-d16/crtend.o
                0x1ffe0688                . = ALIGN (0x4)
                0x1ffe0688                __data_end__ = .
                0x0000b700                DATA_END = (LOADADDR (.data) + SIZEOF (.data))
                0x0000b800                SGSTUBS_LOC = (DEFINED (PROJECT_SECURE) && DEFINED (FLASH_NSC_START))?ABSOLUTE (FLASH_NSC_START):ALIGN (DATA_END, 0x400)

.igot.plt       0x1ffe0688        0x0 load address 0x0000b700
 .igot.plt      0x1ffe0688        0x0 d:/softwoare/tools_work/env_released_1.2.0/env/tools/gnu_gcc/arm_gcc/mingw/bin/../lib/gcc/arm-none-eabi/5.4.1/armv7e-m/fpu/fpv5-sp-d16/crtbegin.o

.gnu.sgstubs    0x0000b800        0x0
                0x0000b800                __tz_FLASH_C = DEFINED (FLASH_NSC_START)?ABSOLUTE (FLASH_NSC_START):__RESERVE_NS_RAM?ABSOLUTE ((FLASH_START + FLASH_LENGTH)):ALIGN (0x400)
                0x0000b800                _start_sg = .
 *(.gnu.sgstubs*)
                0x0000b800                . = ALIGN (0x20)
                0x0000b800                _end_sg = .
                0x00010000                __tz_FLASH_N = DEFINED (FLASH_NS_START)?ABSOLUTE (FLASH_NS_START):__RESERVE_NS_RAM?ABSOLUTE ((FLASH_START + FLASH_LENGTH)):(FLASH_LENGTH < 0x8000)?FLASH_LENGTH:ALIGN (0x8000)
                0x00010000                FLASH_NS_IMAGE_START = DEFINED (FLASH_NS_IMAGE_START)?FLASH_NS_IMAGE_START:__tz_FLASH_N
                0x60000000                __tz_QSPI_FLASH_S = ORIGIN (QSPI_FLASH)

.qspi_flash     0x60000000        0x0
                0x60000000                __qspi_flash_start__ = .
 *(.qspi_flash*)
 *(.code_in_qspi*)
                0x60000000                __qspi_flash_end__ = .
                0x00000000                __qspi_flash_code_size__ = (__qspi_flash_end__ - __qspi_flash_start__)
                0x0000b700                __qspi_flash_code_addr__ = (__etext + (__data_end__ - __data_start__))

.qspi_non_retentive
                0x60000000        0x0 load address 0x0000b700
                0x60000000                __qspi_non_retentive_start__ = .
 *(.qspi_non_retentive*)
                0x60000000                __qspi_non_retentive_end__ = .
                0x00000000                __qspi_non_retentive_size__ = (__qspi_non_retentive_end__ - __qspi_non_retentive_start__)
                0x04000000                __qspi_region_max_size__ = 0x4000000
                0x60000000                __qspi_region_start_address__ = __qspi_flash_start__
                0x64000000                __qspi_region_end_address__ = (__qspi_flash_start__ + __qspi_region_max_size__)
                0x60000000                __tz_QSPI_FLASH_N = __qspi_non_retentive_end__

.OSPI_DEVICE_0_NO_LOAD
                0x68000000        0x0
                0x68000000                . = ALIGN (0x4)
                0x68000000                __ospi_device_0_start__ = .
 *(.ospi_device_0_no_load*)
                0x68000000                . = ALIGN (0x4)
                0x68000000                __ospi_device_0_end__ = .

.OSPI_DEVICE_1_NO_LOAD
                0x70000000        0x0
                0x70000000                . = ALIGN (0x4)
                0x70000000                __ospi_device_1_start__ = .
 *(.ospi_device_1_no_load*)
                0x70000000                . = ALIGN (0x4)
                0x70000000                __ospi_device_1_end__ = .
                0x68000000                __tz_OSPI_DEVICE_0_S = ORIGIN (OSPI_DEVICE_0)

.OSPI_DEVICE_0  0x68000000        0x0
                0x68000000                __ospi_device_0_start__ = .
 *(.ospi_device_0*)
 *(.code_in_ospi_device_0*)
                0x68000000                __ospi_device_0_end__ = .
                0x00000000                __ospi_device_0_code_size__ = (__ospi_device_0_end__ - __ospi_device_0_start__)
                0x0000b700                __ospi_device_0_code_addr__ = (__etext + (__data_end__ - __data_start__))

.ospi_device_0_non_retentive
                0x68000000        0x0 load address 0x0000b700
                0x68000000                __ospi_device_0_non_retentive_start__ = .
 *(.ospi_device_0_non_retentive*)
                0x68000000                __ospi_device_0_non_retentive_end__ = .
                0x00000000                __ospi_device_0_non_retentive_size__ = (__ospi_device_0_non_retentive_end__ - __ospi_device_0_non_retentive_start__)
                0x08000000                __ospi_device_0_region_max_size__ = 0x8000000
                0x68000000                __ospi_device_0_region_start_address__ = __ospi_device_0_start__
                0x70000000                __ospi_device_0_region_end_address__ = (__ospi_device_0_start__ + __ospi_device_0_region_max_size__)
                0x68000000                __tz_OSPI_DEVICE_0_N = __ospi_device_0_non_retentive_end__
                0x70000000                __tz_OSPI_DEVICE_1_S = ORIGIN (OSPI_DEVICE_1)

.OSPI_DEVICE_1  0x70000000        0x0
                0x70000000                __ospi_device_1_start__ = .
 *(.ospi_device_1*)
 *(.code_in_ospi_device_1*)
                0x70000000                __ospi_device_1_end__ = .
                0x00000000                __ospi_device_1_code_size__ = (__ospi_device_1_end__ - __ospi_device_1_start__)
                0x0000b700                __ospi_device_1_code_addr__ = (__etext + (__data_end__ - __data_start__))

.ospi_device_1_non_retentive
                0x70000000        0x0 load address 0x0000b700
                0x70000000                __ospi_device_1_non_retentive_start__ = .
 *(.ospi_device_1_non_retentive*)
                0x70000000                __ospi_device_1_non_retentive_end__ = .
                0x00000000                __ospi_device_1_non_retentive_size__ = (__ospi_device_1_non_retentive_end__ - __ospi_device_1_non_retentive_start__)
                0x10000000                __ospi_device_1_region_max_size__ = 0x10000000
                0x70000000                __ospi_device_1_region_start_address__ = __ospi_device_1_start__
                0x80000000                __ospi_device_1_region_end_address__ = (__ospi_device_1_start__ + __ospi_device_1_region_max_size__)
                0x70000000                __tz_OSPI_DEVICE_1_N = __ospi_device_1_non_retentive_end__

.noinit         0x1ffe0688       0x18
                0x1ffe0688                . = ALIGN (0x4)
                0x1ffe0688                __noinit_start = .
 *(.noinit*)
 .noinit        0x1ffe0688       0x18 ra\fsp\src\bsp\mcu\all\bsp_clocks.o
                0x1ffe06a0                . = ALIGN (0x8)
 *(.heap.*)
                0x1ffe06a0                __noinit_end = .

.bss            0x1ffe06a0      0x594
                0x1ffe06a0                . = ALIGN (0x4)
                0x1ffe06a0                __bss_start__ = .
 *(.bss*)
 .bss           0x1ffe06a0       0x1c d:/softwoare/tools_work/env_released_1.2.0/env/tools/gnu_gcc/arm_gcc/mingw/bin/../lib/gcc/arm-none-eabi/5.4.1/armv7e-m/fpu/fpv5-sp-d16/crtbegin.o
 .bss._hw_pin   0x1ffe06bc       0x44 build\kernel\components\drivers\misc\pin.o
 .bss._syscall_table_begin
                0x1ffe0700        0x4 build\kernel\components\finsh\shell.o
                0x1ffe0700                _syscall_table_begin
 .bss._syscall_table_end
                0x1ffe0704        0x4 build\kernel\components\finsh\shell.o
                0x1ffe0704                _syscall_table_end
 .bss.finsh_prompt_custom
                0x1ffe0708        0x4 build\kernel\components\finsh\shell.o
 .bss.finsh_prompt.6187
                0x1ffe070c       0x81 build\kernel\components\finsh\shell.o
 *fill*         0x1ffe078d        0x3 
 .bss.rt_exception_hook
                0x1ffe0790        0x4 build\kernel\libcpu\arm\cortex-m4\cpuport.o
 .bss.rt_tick   0x1ffe0794        0x4 build\kernel\src\clock.o
 .bss.rt_tick_hook
                0x1ffe0798        0x4 build\kernel\src\clock.o
 .bss.rt_interrupt_enter_hook
                0x1ffe079c        0x4 build\kernel\src\irq.o
 .bss.rt_interrupt_leave_hook
                0x1ffe07a0        0x4 build\kernel\src\irq.o
 .bss.rt_interrupt_nest
                0x1ffe07a4        0x1 build\kernel\src\irq.o
                0x1ffe07a4                rt_interrupt_nest
 *fill*         0x1ffe07a5        0x3 
 .bss.__rt_errno
                0x1ffe07a8        0x4 build\kernel\src\kservice.o
 .bss._console_device
                0x1ffe07ac        0x4 build\kernel\src\kservice.o
 .bss.rt_malloc_hook
                0x1ffe07b0        0x4 build\kernel\src\kservice.o
 .bss.rt_free_hook
                0x1ffe07b4        0x4 build\kernel\src\kservice.o
 .bss._lock     0x1ffe07b8       0x2c build\kernel\src\kservice.o
 .bss.system_heap
                0x1ffe07e4        0x4 build\kernel\src\kservice.o
 .bss.rt_log_buf.5678
                0x1ffe07e8       0x80 build\kernel\src\kservice.o
 .bss.rt_object_attach_hook
                0x1ffe0868        0x4 build\kernel\src\object.o
 .bss.rt_object_detach_hook
                0x1ffe086c        0x4 build\kernel\src\object.o
 .bss.rt_scheduler_lock_nest
                0x1ffe0870        0x2 build\kernel\src\scheduler.o
 *fill*         0x1ffe0872        0x2 
 .bss.rt_current_thread
                0x1ffe0874        0x4 build\kernel\src\scheduler.o
                0x1ffe0874                rt_current_thread
 .bss.rt_scheduler_hook
                0x1ffe0878        0x4 build\kernel\src\scheduler.o
 .bss.rt_scheduler_switch_hook
                0x1ffe087c        0x4 build\kernel\src\scheduler.o
 .bss.rt_thread_suspend_hook
                0x1ffe0880        0x4 build\kernel\src\thread.o
 .bss.rt_thread_resume_hook
                0x1ffe0884        0x4 build\kernel\src\thread.o
 .bss.rt_thread_inited_hook
                0x1ffe0888        0x4 build\kernel\src\thread.o
 .bss._timer_list
                0x1ffe088c        0x8 build\kernel\src\timer.o
 .bss._soft_timer_list
                0x1ffe0894        0x8 build\kernel\src\timer.o
 .bss._timer_thread
                0x1ffe089c       0x8c build\kernel\src\timer.o
 .bss.rt_timer_enter_hook
                0x1ffe0928        0x4 build\kernel\src\timer.o
 .bss.rt_timer_exit_hook
                0x1ffe092c        0x4 build\kernel\src\timer.o
 .bss.random_nr.5453
                0x1ffe0930        0x4 build\kernel\src\timer.o
 *(COMMON)
 COMMON         0x1ffe0934        0x4 ra\fsp\src\bsp\cmsis\Device\RENESAS\Source\system.o
                0x1ffe0934                SystemCoreClock
 COMMON         0x1ffe0938       0x40 ra\fsp\src\bsp\mcu\all\bsp_group_irq.o
                0x1ffe0938                g_bsp_group_irq_sources
 COMMON         0x1ffe0978        0x4 ra\fsp\src\bsp\mcu\all\bsp_io.o
                0x1ffe0978                g_protect_pfswe_counter
 COMMON         0x1ffe097c      0x180 ra\fsp\src\bsp\mcu\all\bsp_irq.o
                0x1ffe097c                gp_renesas_isr_context
 COMMON         0x1ffe0afc        0x8 ra\fsp\src\bsp\mcu\all\bsp_register_protection.o
                0x1ffe0afc                g_protect_counters
 COMMON         0x1ffe0b04        0x8 build\ra_gen\common_data.o
                0x1ffe0b04                g_ioport_ctrl
 COMMON         0x1ffe0b0c        0x4 build\kernel\components\finsh\shell.o
                0x1ffe0b0c                shell
 COMMON         0x1ffe0b10        0xc build\kernel\libcpu\arm\cortex-m4\cpuport.o
                0x1ffe0b10                rt_interrupt_to_thread
                0x1ffe0b14                rt_interrupt_from_thread
                0x1ffe0b18                rt_thread_switch_interrupt_flag
 COMMON         0x1ffe0b1c        0x4 build\kernel\src\kservice.o
                0x1ffe0b1c                rt_assert_hook
 COMMON         0x1ffe0b20        0xc build\kernel\src\object.o
                0x1ffe0b20                rt_object_put_hook
                0x1ffe0b24                rt_object_take_hook
                0x1ffe0b28                rt_object_trytake_hook
 COMMON         0x1ffe0b2c      0x108 build\kernel\src\scheduler.o
                0x1ffe0b2c                rt_thread_priority_table
                0x1ffe0c2c                rt_current_priority
                0x1ffe0c30                rt_thread_ready_priority_group
                0x1ffe0c34                . = ALIGN (0x4)
                0x1ffe0c34                __bss_end__ = .

.heap           0x1ffe0c34        0x4
                0x1ffe0c38                . = ALIGN (0x8)
 *fill*         0x1ffe0c34        0x4 
                0x1ffe0c38                __HeapBase = .
 *(.heap)
                0x1ffe0c38                __HeapLimit = .

.stack_dummy    0x1ffe0c38      0x400
                0x1ffe0c38                . = ALIGN (0x8)
                0x1ffe0c38                __StackLimit = .
 *(.stack)
 .stack         0x1ffe0c38      0x400 ra\fsp\src\bsp\cmsis\Device\RENESAS\Source\startup.o
                0x1ffe1038                __StackTop = .
 *(.stack*)
                0x1ffe1038                __StackTopAll = .
                0x1ffe1038                PROVIDE (__stack, __StackTopAll)
                0x1ffe1038                __RAM_segment_used_end__ = ALIGN (__StackTopAll, 0x4)
                0x1ffe1400                __tz_RAM_C = DEFINED (RAM_NSC_START)?ABSOLUTE (RAM_NSC_START):__RESERVE_NS_RAM?ABSOLUTE (RAM_NS_BUFFER_BLOCK_START):ALIGN (__RAM_segment_used_end__, 0x400)
                0x1ffe2000                __tz_RAM_N = DEFINED (RAM_NS_START)?ABSOLUTE (RAM_NS_START):__RESERVE_NS_RAM?ABSOLUTE (RAM_NS_BUFFER_BLOCK_START):ALIGN (__tz_RAM_C, 0x2000)

.ns_buffer      0x1ffe1038        0x0
                0x1ffe1038                . = __RESERVE_NS_RAM?ABSOLUTE ((RAM_NS_BUFFER_START & 0xffffffe0)):.
 *(.ns_buffer*)

.data_flash     0x40100000        0x0
                0x40100000                . = ORIGIN (DATA_FLASH)
                0x40100000                __tz_DATA_FLASH_S = .
                0x40100000                __Data_Flash_Start = .
 *(.data_flash*)
                0x40100000                __Data_Flash_End = .
                0x40100000                __tz_DATA_FLASH_N = DEFINED (DATA_FLASH_NS_START)?ABSOLUTE (DATA_FLASH_NS_START):__RESERVE_NS_RAM?ABSOLUTE ((DATA_FLASH_START + DATA_FLASH_LENGTH)):ALIGN (0x400)
                0x90000000                __tz_SDRAM_S = ORIGIN (SDRAM)

.sdram          0x90000000        0x0
                0x90000000                __SDRAM_Start = .
 *(.sdram*)
 *(.frame*)
                0x90000000                __SDRAM_End = .
                0x90000000                __tz_SDRAM_N = __SDRAM_End
                0x0100a150                __tz_ID_CODE_S = ORIGIN (ID_CODE)

.id_code        0x0100a150       0x10
                0x0100a150                __ID_Code_Start = .
 *(.id_code*)
 .id_code       0x0100a150       0x10 ra\fsp\src\bsp\mcu\all\bsp_rom_registers.o
                0x0100a160                __ID_Code_End = .
                0x0100a160                __tz_ID_CODE_N = __ID_Code_End
                0x00000000                __tz_OPTION_SETTING_S = ORIGIN (OPTION_SETTING)

.rel.dyn        0x0100a160        0x0
 .rel.iplt      0x0100a160        0x0 d:/softwoare/tools_work/env_released_1.2.0/env/tools/gnu_gcc/arm_gcc/mingw/bin/../lib/gcc/arm-none-eabi/5.4.1/armv7e-m/fpu/fpv5-sp-d16/crtbegin.o

.option_setting
                0x00000000        0x0
                0x00000000                __OPTION_SETTING_Start = .
 *(.option_setting_ofs0)
                0x00000000                . = PROJECT_SECURE_OR_FLAT?(__OPTION_SETTING_Start + 0x10):__OPTION_SETTING_Start
 *(.option_setting_dualsel)
                0x00000000                . = PROJECT_SECURE_OR_FLAT?(__OPTION_SETTING_Start + 0x34):__OPTION_SETTING_Start
 *(.option_setting_sas)
                0x00000000                __OPTION_SETTING_End = .
                0x0100a180                __tz_OPTION_SETTING_N = OPTION_SETTING_START_NS

.option_setting_ns
                0x00000000        0x0
                0x00000000                __OPTION_SETTING_NS_Start = .
 *(.option_setting_ofs1)
                0x00000000                . = USE_OPTION_SETTING_NS?(__OPTION_SETTING_NS_Start + 0x10):__OPTION_SETTING_NS_Start
 *(.option_setting_banksel)
                0x00000000                . = USE_OPTION_SETTING_NS?(__OPTION_SETTING_NS_Start + 0x40):__OPTION_SETTING_NS_Start
 *(.option_setting_bps0)
                0x00000000                . = USE_OPTION_SETTING_NS?(__OPTION_SETTING_NS_Start + 0x44):__OPTION_SETTING_NS_Start
 *(.option_setting_bps1)
                0x00000000                . = USE_OPTION_SETTING_NS?(__OPTION_SETTING_NS_Start + 0x48):__OPTION_SETTING_NS_Start
 *(.option_setting_bps2)
                0x00000000                . = USE_OPTION_SETTING_NS?(__OPTION_SETTING_NS_Start + 0x60):__OPTION_SETTING_NS_Start
 *(.option_setting_pbps0)
                0x00000000                . = USE_OPTION_SETTING_NS?(__OPTION_SETTING_NS_Start + 0x64):__OPTION_SETTING_NS_Start
 *(.option_setting_pbps1)
                0x00000000                . = USE_OPTION_SETTING_NS?(__OPTION_SETTING_NS_Start + 0x68):__OPTION_SETTING_NS_Start
 *(.option_setting_pbps2)
                0x00000000                __OPTION_SETTING_NS_End = .
                0x00000000                __tz_OPTION_SETTING_S_S = ORIGIN (OPTION_SETTING_S)

.option_setting_s
                0x00000000        0x0
                0x00000000                __OPTION_SETTING_S_Start = .
 *(.option_setting_ofs1_sec)
                0x00000000                . = PROJECT_SECURE_OR_FLAT?(__OPTION_SETTING_S_Start + 0x10):__OPTION_SETTING_S_Start
 *(.option_setting_banksel_sec)
                0x00000000                . = PROJECT_SECURE_OR_FLAT?(__OPTION_SETTING_S_Start + 0x40):__OPTION_SETTING_S_Start
 *(.option_setting_bps_sec0)
                0x00000000                . = PROJECT_SECURE_OR_FLAT?(__OPTION_SETTING_S_Start + 0x44):__OPTION_SETTING_S_Start
 *(.option_setting_bps_sec1)
                0x00000000                . = PROJECT_SECURE_OR_FLAT?(__OPTION_SETTING_S_Start + 0x48):__OPTION_SETTING_S_Start
 *(.option_setting_bps_sec2)
                0x00000000                . = PROJECT_SECURE_OR_FLAT?(__OPTION_SETTING_S_Start + 0x60):__OPTION_SETTING_S_Start
 *(.option_setting_pbps_sec0)
                0x00000000                . = PROJECT_SECURE_OR_FLAT?(__OPTION_SETTING_S_Start + 0x64):__OPTION_SETTING_S_Start
 *(.option_setting_pbps_sec1)
                0x00000000                . = PROJECT_SECURE_OR_FLAT?(__OPTION_SETTING_S_Start + 0x68):__OPTION_SETTING_S_Start
 *(.option_setting_pbps_sec2)
                0x00000000                . = PROJECT_SECURE_OR_FLAT?(__OPTION_SETTING_S_Start + 0x80):__OPTION_SETTING_S_Start
 *(.option_setting_ofs1_sel)
                0x00000000                . = PROJECT_SECURE_OR_FLAT?(__OPTION_SETTING_S_Start + 0x90):__OPTION_SETTING_S_Start
 *(.option_setting_banksel_sel)
                0x00000000                . = PROJECT_SECURE_OR_FLAT?(__OPTION_SETTING_S_Start + 0xc0):__OPTION_SETTING_S_Start
 *(.option_setting_bps_sel0)
                0x00000000                . = PROJECT_SECURE_OR_FLAT?(__OPTION_SETTING_S_Start + 0xc4):__OPTION_SETTING_S_Start
 *(.option_setting_bps_sel1)
                0x00000000                . = PROJECT_SECURE_OR_FLAT?(__OPTION_SETTING_S_Start + 0xc8):__OPTION_SETTING_S_Start
 *(.option_setting_bps_sel2)
                0x00000000                __OPTION_SETTING_S_End = .
                0x00000000                __tz_OPTION_SETTING_S_N = __OPTION_SETTING_S_End
OUTPUT(rtthread.elf elf32-littlearm)

.ARM.attributes
                0x00000000       0x30
 .ARM.attributes
                0x00000000       0x22 d:/softwoare/tools_work/env_released_1.2.0/env/tools/gnu_gcc/arm_gcc/mingw/bin/../lib/gcc/arm-none-eabi/5.4.1/armv7e-m/fpu/fpv5-sp-d16/crti.o
 .ARM.attributes
                0x00000022       0x34 d:/softwoare/tools_work/env_released_1.2.0/env/tools/gnu_gcc/arm_gcc/mingw/bin/../lib/gcc/arm-none-eabi/5.4.1/armv7e-m/fpu/fpv5-sp-d16/crtbegin.o
 .ARM.attributes
                0x00000056       0x39 libraries\HAL_Drivers\drv_common.o
 .ARM.attributes
                0x0000008f       0x39 ra\fsp\src\bsp\cmsis\Device\RENESAS\Source\startup.o
 .ARM.attributes
                0x000000c8       0x39 ra\fsp\src\bsp\cmsis\Device\RENESAS\Source\system.o
 .ARM.attributes
                0x00000101       0x39 ra\fsp\src\bsp\mcu\all\bsp_clocks.o
 .ARM.attributes
                0x0000013a       0x39 ra\fsp\src\bsp\mcu\all\bsp_common.o
 .ARM.attributes
                0x00000173       0x39 ra\fsp\src\bsp\mcu\all\bsp_group_irq.o
 .ARM.attributes
                0x000001ac       0x39 ra\fsp\src\bsp\mcu\all\bsp_io.o
 .ARM.attributes
                0x000001e5       0x39 ra\fsp\src\bsp\mcu\all\bsp_irq.o
 .ARM.attributes
                0x0000021e       0x39 ra\fsp\src\bsp\mcu\all\bsp_register_protection.o
 .ARM.attributes
                0x00000257       0x39 ra\fsp\src\bsp\mcu\all\bsp_rom_registers.o
 .ARM.attributes
                0x00000290       0x39 ra\fsp\src\r_ioport\r_ioport.o
 .ARM.attributes
                0x000002c9       0x39 ra\fsp\src\r_sci_uart\r_sci_uart.o
 .ARM.attributes
                0x00000302       0x39 build\ra_gen\common_data.o
 .ARM.attributes
                0x0000033b       0x39 build\ra_gen\main.o
 .ARM.attributes
                0x00000374       0x39 build\ra_gen\pin_data.o
 .ARM.attributes
                0x000003ad       0x39 build\ra_gen\vector_data.o
 .ARM.attributes
                0x000003e6       0x39 build\kernel\components\drivers\misc\pin.o
 .ARM.attributes
                0x0000041f       0x39 build\kernel\components\finsh\cmd.o
 .ARM.attributes
                0x00000458       0x39 build\kernel\components\finsh\msh.o
 .ARM.attributes
                0x00000491       0x39 build\kernel\components\finsh\msh_parse.o
 .ARM.attributes
                0x000004ca       0x39 build\kernel\components\finsh\shell.o
 .ARM.attributes
                0x00000503       0x39 build\kernel\components\libc\compilers\newlib\syscalls.o
 .ARM.attributes
                0x0000053c       0x25 build\kernel\libcpu\arm\cortex-m4\context_gcc.o
 .ARM.attributes
                0x00000561       0x39 build\kernel\libcpu\arm\cortex-m4\cpuport.o
 .ARM.attributes
                0x0000059a       0x39 build\kernel\src\clock.o
 .ARM.attributes
                0x000005d3       0x39 build\kernel\src\components.o
 .ARM.attributes
                0x0000060c       0x39 build\kernel\src\device.o
 .ARM.attributes
                0x00000645       0x39 build\kernel\src\idle.o
 .ARM.attributes
                0x0000067e       0x39 build\kernel\src\ipc.o
 .ARM.attributes
                0x000006b7       0x39 build\kernel\src\irq.o
 .ARM.attributes
                0x000006f0       0x39 build\kernel\src\kservice.o
 .ARM.attributes
                0x00000729       0x39 build\kernel\src\mem.o
 .ARM.attributes
                0x00000762       0x39 build\kernel\src\object.o
 .ARM.attributes
                0x0000079b       0x39 build\kernel\src\scheduler.o
 .ARM.attributes
                0x000007d4       0x39 build\kernel\src\thread.o
 .ARM.attributes
                0x0000080d       0x39 build\kernel\src\timer.o
 .ARM.attributes
                0x00000846       0x39 build\src\hal_entry.o
 .ARM.attributes
                0x0000087f       0x34 d:/softwoare/tools_work/env_released_1.2.0/env/tools/gnu_gcc/arm_gcc/mingw/bin/../lib/gcc/arm-none-eabi/5.4.1/../../../../arm-none-eabi/lib/armv7e-m/fpu/fpv5-sp-d16\libc.a(lib_a-atoi.o)
 .ARM.attributes
                0x000008b3       0x34 d:/softwoare/tools_work/env_released_1.2.0/env/tools/gnu_gcc/arm_gcc/mingw/bin/../lib/gcc/arm-none-eabi/5.4.1/../../../../arm-none-eabi/lib/armv7e-m/fpu/fpv5-sp-d16\libc.a(lib_a-impure.o)
 .ARM.attributes
                0x000008e7       0x34 d:/softwoare/tools_work/env_released_1.2.0/env/tools/gnu_gcc/arm_gcc/mingw/bin/../lib/gcc/arm-none-eabi/5.4.1/../../../../arm-none-eabi/lib/armv7e-m/fpu/fpv5-sp-d16\libc.a(lib_a-locale.o)
 .ARM.attributes
                0x0000091b       0x34 d:/softwoare/tools_work/env_released_1.2.0/env/tools/gnu_gcc/arm_gcc/mingw/bin/../lib/gcc/arm-none-eabi/5.4.1/../../../../arm-none-eabi/lib/armv7e-m/fpu/fpv5-sp-d16\libc.a(lib_a-malloc.o)
 .ARM.attributes
                0x0000094f       0x34 d:/softwoare/tools_work/env_released_1.2.0/env/tools/gnu_gcc/arm_gcc/mingw/bin/../lib/gcc/arm-none-eabi/5.4.1/../../../../arm-none-eabi/lib/armv7e-m/fpu/fpv5-sp-d16\libc.a(lib_a-mbtowc_r.o)
 .ARM.attributes
                0x00000983       0x34 d:/softwoare/tools_work/env_released_1.2.0/env/tools/gnu_gcc/arm_gcc/mingw/bin/../lib/gcc/arm-none-eabi/5.4.1/../../../../arm-none-eabi/lib/armv7e-m/fpu/fpv5-sp-d16\libc.a(lib_a-memcmp.o)
 .ARM.attributes
                0x000009b7       0x20 d:/softwoare/tools_work/env_released_1.2.0/env/tools/gnu_gcc/arm_gcc/mingw/bin/../lib/gcc/arm-none-eabi/5.4.1/../../../../arm-none-eabi/lib/armv7e-m/fpu/fpv5-sp-d16\libc.a(lib_a-memcpy.o)
 .ARM.attributes
                0x000009d7       0x34 d:/softwoare/tools_work/env_released_1.2.0/env/tools/gnu_gcc/arm_gcc/mingw/bin/../lib/gcc/arm-none-eabi/5.4.1/../../../../arm-none-eabi/lib/armv7e-m/fpu/fpv5-sp-d16\libc.a(lib_a-memset.o)
 .ARM.attributes
                0x00000a0b       0x20 d:/softwoare/tools_work/env_released_1.2.0/env/tools/gnu_gcc/arm_gcc/mingw/bin/../lib/gcc/arm-none-eabi/5.4.1/../../../../arm-none-eabi/lib/armv7e-m/fpu/fpv5-sp-d16\libc.a(lib_a-strcmp.o)
 .ARM.attributes
                0x00000a2b       0x20 d:/softwoare/tools_work/env_released_1.2.0/env/tools/gnu_gcc/arm_gcc/mingw/bin/../lib/gcc/arm-none-eabi/5.4.1/../../../../arm-none-eabi/lib/armv7e-m/fpu/fpv5-sp-d16\libc.a(lib_a-strlen.o)
 .ARM.attributes
                0x00000a4b       0x34 d:/softwoare/tools_work/env_released_1.2.0/env/tools/gnu_gcc/arm_gcc/mingw/bin/../lib/gcc/arm-none-eabi/5.4.1/../../../../arm-none-eabi/lib/armv7e-m/fpu/fpv5-sp-d16\libc.a(lib_a-strncat.o)
 .ARM.attributes
                0x00000a7f       0x34 d:/softwoare/tools_work/env_released_1.2.0/env/tools/gnu_gcc/arm_gcc/mingw/bin/../lib/gcc/arm-none-eabi/5.4.1/../../../../arm-none-eabi/lib/armv7e-m/fpu/fpv5-sp-d16\libc.a(lib_a-strncmp.o)
 .ARM.attributes
                0x00000ab3       0x34 d:/softwoare/tools_work/env_released_1.2.0/env/tools/gnu_gcc/arm_gcc/mingw/bin/../lib/gcc/arm-none-eabi/5.4.1/../../../../arm-none-eabi/lib/armv7e-m/fpu/fpv5-sp-d16\libc.a(lib_a-strncpy.o)
 .ARM.attributes